Archive member included to satisfy reference by file (symbol)

c:/program files/microchip/xc32/v4.10/bin/bin/../../lib/gcc/pic32c/8.3.1/../../../../pic32c/lib/thumb/v7e-m+dp/hard\libpic32c.a(data_init.o)
                              build/default/production/_ext/1171490990/startup_xc32.o (__pic32c_data_initialization)
c:/program files/microchip/xc32/v4.10/bin/bin/../../lib/gcc/pic32c/8.3.1/thumb/v7e-m+dp/hard\libgcc.a(unwind-arm.o)
                              build/default/production/_ext/1360937237/main.o (__aeabi_unwind_cpp_pr1)
c:/program files/microchip/xc32/v4.10/bin/bin/../../lib/gcc/pic32c/8.3.1/thumb/v7e-m+dp/hard\libgcc.a(libunwind.o)
                              c:/program files/microchip/xc32/v4.10/bin/bin/../../lib/gcc/pic32c/8.3.1/thumb/v7e-m+dp/hard\libgcc.a(unwind-arm.o) (restore_core_regs)
c:/program files/microchip/xc32/v4.10/bin/bin/../../lib/gcc/pic32c/8.3.1/thumb/v7e-m+dp/hard\libgcc.a(pr-support.o)
                              c:/program files/microchip/xc32/v4.10/bin/bin/../../lib/gcc/pic32c/8.3.1/thumb/v7e-m+dp/hard\libgcc.a(unwind-arm.o) (__gnu_unwind_execute)
c:/program files/microchip/xc32/v4.10/bin/bin/../../lib/gcc/pic32c/8.3.1/../../../../pic32c/lib/thumb/v7e-m+dp/hard\libc_nano.a(lib_a-abort.o)
                              c:/program files/microchip/xc32/v4.10/bin/bin/../../lib/gcc/pic32c/8.3.1/thumb/v7e-m+dp/hard\libgcc.a(unwind-arm.o) (abort)
c:/program files/microchip/xc32/v4.10/bin/bin/../../lib/gcc/pic32c/8.3.1/../../../../pic32c/lib/thumb/v7e-m+dp/hard\libc_nano.a(lib_a-init.o)
                              build/default/production/_ext/1171490990/startup_xc32.o (__libc_init_array)
c:/program files/microchip/xc32/v4.10/bin/bin/../../lib/gcc/pic32c/8.3.1/../../../../pic32c/lib/thumb/v7e-m+dp/hard\libc_nano.a(lib_a-memcpy-stub.o)
                              build/default/production/_ext/308758920/usb_device.o (memcpy)
c:/program files/microchip/xc32/v4.10/bin/bin/../../lib/gcc/pic32c/8.3.1/../../../../pic32c/lib/thumb/v7e-m+dp/hard\libc_nano.a(lib_a-memset.o)
                              build/default/production/_ext/404212886/FreeRTOS_tasks.o (memset)
c:/program files/microchip/xc32/v4.10/bin/bin/../../lib/gcc/pic32c/8.3.1/../../../../pic32c/lib/thumb/v7e-m+dp/hard\libc_nano.a(lib_a-signal.o)
                              c:/program files/microchip/xc32/v4.10/bin/bin/../../lib/gcc/pic32c/8.3.1/../../../../pic32c/lib/thumb/v7e-m+dp/hard\libc_nano.a(lib_a-abort.o) (raise)
c:/program files/microchip/xc32/v4.10/bin/bin/../../lib/gcc/pic32c/8.3.1/../../../../pic32c/lib/thumb/v7e-m+dp/hard\libc_nano.a(lib_a-signalr.o)
                              c:/program files/microchip/xc32/v4.10/bin/bin/../../lib/gcc/pic32c/8.3.1/../../../../pic32c/lib/thumb/v7e-m+dp/hard\libc_nano.a(lib_a-signal.o) (_kill_r)
c:/program files/microchip/xc32/v4.10/bin/bin/../../lib/gcc/pic32c/8.3.1/../../../../pic32c/lib/thumb/v7e-m+dp/hard\libc_nano.a(lib_a-impure.o)
                              c:/program files/microchip/xc32/v4.10/bin/bin/../../lib/gcc/pic32c/8.3.1/../../../../pic32c/lib/thumb/v7e-m+dp/hard\libc_nano.a(lib_a-signal.o) (_impure_ptr)
c:/program files/microchip/xc32/v4.10/bin/bin/../../lib/gcc/pic32c/8.3.1/../../../../pic32c/lib/thumb/v7e-m+dp/hard\libc_nano.a(lib_a-nano-mallocr.o)
                              c:/program files/microchip/xc32/v4.10/bin/bin/../../lib/gcc/pic32c/8.3.1/../../../../pic32c/lib/thumb/v7e-m+dp/hard\libc_nano.a(lib_a-signal.o) (_malloc_r)
c:/program files/microchip/xc32/v4.10/bin/bin/../../lib/gcc/pic32c/8.3.1/../../../../pic32c/lib/thumb/v7e-m+dp/hard\libc_nano.a(lib_a-reent.o)
                              c:/program files/microchip/xc32/v4.10/bin/bin/../../lib/gcc/pic32c/8.3.1/../../../../pic32c/lib/thumb/v7e-m+dp/hard\libc_nano.a(lib_a-signalr.o) (errno)
c:/program files/microchip/xc32/v4.10/bin/bin/../../lib/gcc/pic32c/8.3.1/../../../../pic32c/lib/thumb/v7e-m+dp/hard\libc_nano.a(lib_a-sbrkr.o)
                              c:/program files/microchip/xc32/v4.10/bin/bin/../../lib/gcc/pic32c/8.3.1/../../../../pic32c/lib/thumb/v7e-m+dp/hard\libc_nano.a(lib_a-nano-mallocr.o) (_sbrk_r)
c:/program files/microchip/xc32/v4.10/bin/bin/../../lib/gcc/pic32c/8.3.1/../../../../pic32c/lib/thumb/v7e-m+dp/hard\libc_nano.a(lib_a-mlock.o)
                              c:/program files/microchip/xc32/v4.10/bin/bin/../../lib/gcc/pic32c/8.3.1/../../../../pic32c/lib/thumb/v7e-m+dp/hard\libc_nano.a(lib_a-nano-mallocr.o) (__malloc_lock)
c:/program files/microchip/xc32/v4.10/bin/bin/../../lib/gcc/pic32c/8.3.1/../../../../pic32c/lib/thumb/v7e-m+dp/hard\libc_nano.a(lib_a-nano-freer.o)
                              c:/program files/microchip/xc32/v4.10/bin/bin/../../lib/gcc/pic32c/8.3.1/../../../../pic32c/lib/thumb/v7e-m+dp/hard\libc_nano.a(lib_a-reent.o) (_free_r)
c:/program files/microchip/xc32/v4.10/bin/bin/../../lib/gcc/pic32c/8.3.1/../../../../pic32c/lib/thumb/v7e-m+dp/hard\libpic32c.a(_getpid.o)
[...]
Memory Configuration

Name             Origin             Length             Attributes
rom              0x00400000         0x00080000         xrl
ram              0x20400000         0x00040000         xw !r
itcm             0x00000000         0x00000000         xw
dtcm             0x20000000         0x00000000         xw !r
config_D0000000  0xd0000000         0x00000004
config_D0000004  0xd0000004         0x00000004
*default*        0x00000000         0xffffffff

Linker script and memory map

LOAD c:/program files/microchip/xc32/v4.10/bin/bin/../../lib/gcc/pic32c/8.3.1/thumb/v7e-m+dp/hard/crti.o
LOAD c:/program files/microchip/xc32/v4.10/bin/bin/../../lib/gcc/pic32c/8.3.1/thumb/v7e-m+dp/hard/crtbegin.o
LOAD build/default/production/_ext/1171490990/initialization.o
LOAD build/default/production/_ext/1171490990/interrupts.o
LOAD build/default/production/_ext/1171490990/exceptions.o
LOAD build/default/production/_ext/163028504/xc32_monitor.o
LOAD build/default/production/_ext/60165520/plib_clk.o
LOAD build/default/production/_ext/60177924/plib_pio.o
LOAD build/default/production/_ext/1865468468/plib_nvic.o
LOAD build/default/production/_ext/1171490990/startup_xc32.o
LOAD build/default/production/_ext/1171490990/libc_syscalls.o
LOAD build/default/production/_ext/1171490990/usb_device_init_data.o
LOAD build/default/production/_ext/308758920/usb_device.o
LOAD build/default/production/_ext/60167248/plib_efc.o
LOAD build/default/production/_ext/667276850/drv_i2s.o
LOAD build/default/production/_ext/308758920/usb_device_audio_v2_0.o
LOAD build/default/production/_ext/308758920/usb_device_audio_v2_read_write.o
LOAD build/default/production/_ext/9307438/drv_usbhsv1.o
LOAD build/default/production/_ext/9307438/drv_usbhsv1_device.o
LOAD build/default/production/_ext/621496242/plib_twihs0_master.o
LOAD build/default/production/_ext/308758920/usb_device_cdc.o
LOAD build/default/production/_ext/308758920/usb_device_cdc_acm.o
LOAD build/default/production/_ext/621496242/plib_twihs2_master.o
LOAD build/default/production/_ext/2965202/plib_i2sc0.o
LOAD build/default/production/_ext/1171490990/freertos_hooks.o
LOAD build/default/production/_ext/404212886/croutine.o
LOAD build/default/production/_ext/404212886/list.o
LOAD build/default/production/_ext/404212886/queue.o
LOAD build/default/production/_ext/404212886/FreeRTOS_tasks.o
LOAD build/default/production/_ext/404212886/timers.o
LOAD build/default/production/_ext/404212886/event_groups.o
LOAD build/default/production/_ext/404212886/stream_buffer.o
LOAD build/default/production/_ext/1665200909/heap_1.o
LOAD build/default/production/_ext/977623654/port.o
LOAD build/default/production/_ext/1881668453/sys_int.o
LOAD build/default/production/_ext/1014039709/sys_cache.o
LOAD build/default/production/_ext/1529399856/osal_freertos.o
LOAD build/default/production/_ext/1171490990/tasks.o
LOAD build/default/production/_ext/14461671/sys_dma.o
LOAD build/default/production/_ext/2003650513/plib_xdmac.o
LOAD build/default/production/_ext/1360937237/main.o
LOAD build/default/production/_ext/1360937237/app.o
                0x00000001                __MPLAB_BUILD = 0x1
                0x00480000                __rom_end = (ORIGIN (rom) + LENGTH (rom))
                0x20440000                __ram_end = (ORIGIN (ram) + LENGTH (ram))

.config_D0000000
 *(.config_D0000000)

.config_D0000004
 *(.config_D0000004)

.vectors        0x00400000      0x158
                0x00400000                . = ALIGN (0x4)
                0x00400000                _sfixed = .
 *(.vectors .vectors.* .vectors_default .vectors_default.*)
 .vectors.exception_table
                0x00400000      0x158 build/default/production/_ext/1171490990/interrupts.o
                0x00400000                exception_table
 *(.isr_vector)
 *(.reset*)
 *(.after_vectors)

.text           0x00400158       0x44
                0x00400158                . = ALIGN (0x4)
 *(.glue_7t)
 .glue_7t       0x00400158        0x0 linker stubs
 *(.glue_7)
 .glue_7        0x00400158        0x0 linker stubs
 *(.gnu.linkonce.r.*)
 *(.ARM.extab* .gnu.linkonce.armextab.*)
 .ARM.extab.text.main
                0x00400158        0xc build/default/production/_ext/1360937237/main.o
 .ARM.extab     0x00400164       0x18 c:/program files/microchip/xc32/v4.10/bin/bin/../../lib/gcc/pic32c/8.3.1/thumb/v7e-m+dp/hard\libgcc.a(pr-support.o)
                0x0040017c                . = ALIGN (0x4)
 *(.init)
 .init          0x0040017c        0x4 c:/program files/microchip/xc32/v4.10/bin/bin/../../lib/gcc/pic32c/8.3.1/thumb/v7e-m+dp/hard/crti.o
                0x0040017c                _init
 .init          0x00400180        0x8 c:/program files/microchip/xc32/v4.10/bin/bin/../../lib/gcc/pic32c/8.3.1/thumb/v7e-m+dp/hard/crtn.o
                0x00400188                . = ALIGN (0x4)
                0x00400188                __preinit_array_start = .
 *(.preinit_array)
                0x00400188                __preinit_array_end = .
                0x00400188                . = ALIGN (0x4)
                0x00400188                __init_array_start = .
 *(SORT_BY_NAME(.init_array.*))
 *(.init_array)
 .init_array    0x00400188        0x4 c:/program files/microchip/xc32/v4.10/bin/bin/../../lib/gcc/pic32c/8.3.1/thumb/v7e-m+dp/hard/crtbegin.o
                0x0040018c                __init_array_end = .
                0x0040018c                . = ALIGN (0x4)
 *crtbegin.o(.ctors)
 *(EXCLUDE_FILE(*crtend.o) .ctors)
 *(SORT_BY_NAME(.ctors.*))
 *crtend.o(.ctors)
                0x0040018c                . = ALIGN (0x4)
 *(.fini)
 .fini          0x0040018c        0x4 c:/program files/microchip/xc32/v4.10/bin/bin/../../lib/gcc/pic32c/8.3.1/thumb/v7e-m+dp/hard/crti.o
                0x0040018c                _fini
 .fini          0x00400190        0x8 c:/program files/microchip/xc32/v4.10/bin/bin/../../lib/gcc/pic32c/8.3.1/thumb/v7e-m+dp/hard/crtn.o
                0x00400198                . = ALIGN (0x4)
                0x00400198                __fini_array_start = .
 *(.fini_array)
 .fini_array    0x00400198        0x4 c:/program files/microchip/xc32/v4.10/bin/bin/../../lib/gcc/pic32c/8.3.1/thumb/v7e-m+dp/hard/crtbegin.o
 *(SORT_BY_NAME(.fini_array.*))
                0x0040019c                __fini_array_end = .
 *crtbegin.o(.dtors)
 *(EXCLUDE_FILE(*crtend.o) .dtors)
 *(SORT_BY_NAME(.dtors.*))
 *crtend.o(.dtors)
                0x0040019c                . = ALIGN (0x4)
                0x0040019c                _efixed = .
                0x0040019c                PROVIDE (__exidx_start = .)

.ARM.exidx      0x0040019c      0x138
 *(.ARM.exidx* .gnu.linkonce.armexidx.*)
 .ARM.exidx.text.main
                0x004002c4        0x8 build/default/production/_ext/1360937237/main.o
 .ARM.exidx.text.APP_Initialize
                0x004002cc        0x8 build/default/production/_ext/1360937237/app.o
 .ARM.exidx.text.APP_Tasks
                0x004002bc        0x8 build/default/production/_ext/1360937237/app.o
 .ARM.exidx     0x0040019c       0xd8 c:/program files/microchip/xc32/v4.10/bin/bin/../../lib/gcc/pic32c/8.3.1/thumb/v7e-m+dp/hard\libgcc.a(unwind-arm.o)
 .ARM.exidx     0x00400274       0x48 c:/program files/microchip/xc32/v4.10/bin/bin/../../lib/gcc/pic32c/8.3.1/thumb/v7e-m+dp/hard\libgcc.a(pr-support.o)
                0x004002d4                PROVIDE (__exidx_end = .)
                0x004002d4                . = ALIGN (0x4)
                0x004002d4                _etext = .

.bss            0x20400000        0x4
                0x20400000                . = ALIGN (0x4)
                0x20400000                __bss_start__ = .
                0x20400000                _sbss = .
                0x20400000                _szero = .
 *(COMMON)
 COMMON         0x20400000        0x4 c:/program files/microchip/xc32/v4.10/bin/bin/../../lib/gcc/pic32c/8.3.1/../../../../pic32c/lib/thumb/v7e-m+dp/hard\libc_nano.a(lib_a-reent.o)
                0x20400000                errno
                0x20400004                . = ALIGN (0x4)
                0x20400004                __bss_end__ = .
                0x20400004                _ebss = .
                0x20400004                _ezero = .
                0x20400004                . = ALIGN (0x4)
                0x20400004                _end = .
                0x2043ffff                _ram_end_ = ((ORIGIN (ram) + LENGTH (ram)) - 0x1)
                0x00000200                _min_heap_size = 0x200
LOAD c:/program files/microchip/xc32/v4.10/bin/bin/../../lib/gcc/pic32c/8.3.1/../../../../pic32c/lib/thumb/v7e-m+dp/hard\libstdc++.a
LOAD c:/program files/microchip/xc32/v4.10/bin/bin/../../lib/gcc/pic32c/8.3.1/../../../../pic32c/lib/thumb/v7e-m+dp/hard\libm_nano.a
START GROUP
LOAD c:/program files/microchip/xc32/v4.10/bin/bin/../../lib/gcc/pic32c/8.3.1/../../../../pic32c/lib/thumb/v7e-m+dp/hard\libpic32c.a
LOAD c:/program files/microchip/xc32/v4.10/bin/bin/../../lib/gcc/pic32c/8.3.1/thumb/v7e-m+dp/hard\libgcc.a
LOAD c:/program files/microchip/xc32/v4.10/bin/bin/../../lib/gcc/pic32c/8.3.1/../../../../pic32c/lib/thumb/v7e-m+dp/hard\libm_nano.a
LOAD c:/program files/microchip/xc32/v4.10/bin/bin/../../lib/gcc/pic32c/8.3.1/../../../../pic32c/lib/thumb/v7e-m+dp/hard\libc_nano.a
END GROUP
LOAD c:/program files/microchip/xc32/v4.10/bin/bin/../../lib/gcc/pic32c/8.3.1/thumb/v7e-m+dp/hard/crtend.o
LOAD c:/program files/microchip/xc32/v4.10/bin/bin/../../lib/gcc/pic32c/8.3.1/thumb/v7e-m+dp/hard/crtn.o
OUTPUT(dist/default/production/steDAC_firmware.X.production.elf elf32-littlearm)
LOAD stack
LOAD data_init

.ARM.attributes
                0x00000000       0x30
 .ARM.attributes
                0x00000000       0x1e c:/program files/microchip/xc32/v4.10/bin/bin/../../lib/gcc/pic32c/8.3.1/thumb/v7e-m+dp/hard/crti.o
 .ARM.attributes
                0x0000001e       0x32 c:/program files/microchip/xc32/v4.10/bin/bin/../../lib/gcc/pic32c/8.3.1/thumb/v7e-m+dp/hard/crtbegin.o
 .ARM.attributes
                0x00000050       0x32 build/default/production/_ext/1171490990/initialization.o
 .ARM.attributes
                0x00000082       0x32 build/default/production/_ext/1171490990/interrupts.o
 .ARM.attributes
                0x000000b4       0x32 build/default/production/_ext/1171490990/exceptions.o
 .ARM.attributes
                0x000000e6       0x32 build/default/production/_ext/60165520/plib_clk.o
 .ARM.attributes
                0x00000118       0x32 build/default/production/_ext/60177924/plib_pio.o
 .ARM.attributes
                0x0000014a       0x32 build/default/production/_ext/1865468468/plib_nvic.o
 .ARM.attributes
                0x0000017c       0x32 build/default/production/_ext/1171490990/startup_xc32.o
 .ARM.attributes
                0x000001ae       0x37 build/default/production/_ext/1171490990/usb_device_init_data.o
 .ARM.attributes
                0x000001e5       0x32 build/default/production/_ext/308758920/usb_device.o
 .ARM.attributes
                0x00000217       0x32 build/default/production/_ext/60167248/plib_efc.o
 .ARM.attributes
                0x00000249       0x32 build/default/production/_ext/667276850/drv_i2s.o
 .ARM.attributes
                0x0000027b       0x32 build/default/production/_ext/308758920/usb_device_audio_v2_0.o
 .ARM.attributes
                0x000002ad       0x32 build/default/production/_ext/308758920/usb_device_audio_v2_read_write.o
 .ARM.attributes
                0x000002df       0x32 build/default/production/_ext/9307438/drv_usbhsv1.o
 .ARM.attributes
                0x00000311       0x32 build/default/production/_ext/9307438/drv_usbhsv1_device.o
 .ARM.attributes
                0x00000343       0x32 build/default/production/_ext/621496242/plib_twihs0_master.o
 .ARM.attributes
                0x00000375       0x32 build/default/production/_ext/308758920/usb_device_cdc.o
 .ARM.attributes
                0x000003a7       0x32 build/default/production/_ext/308758920/usb_device_cdc_acm.o
 .ARM.attributes
                0x000003d9       0x32 build/default/production/_ext/621496242/plib_twihs2_master.o
 .ARM.attributes
                0x0000040b       0x32 build/default/production/_ext/2965202/plib_i2sc0.o
 .ARM.attributes
                0x0000043d       0x32 build/default/production/_ext/1171490990/freertos_hooks.o
 .ARM.attributes
                0x0000046f       0x32 build/default/production/_ext/404212886/list.o
 .ARM.attributes
                0x000004a1       0x32 build/default/production/_ext/404212886/queue.o
 .ARM.attributes
                0x000004d3       0x32 build/default/production/_ext/404212886/FreeRTOS_tasks.o
 .ARM.attributes
                0x00000505       0x32 build/default/production/_ext/1665200909/heap_1.o
 .ARM.attributes
                0x00000537       0x32 build/default/production/_ext/977623654/port.o
 .ARM.attributes
                0x00000569       0x32 build/default/production/_ext/1881668453/sys_int.o
 .ARM.attributes
                0x0000059b       0x32 build/default/production/_ext/1529399856/osal_freertos.o
 .ARM.attributes
                0x000005cd       0x32 build/default/production/_ext/1171490990/tasks.o
 .ARM.attributes
                0x000005ff       0x32 build/default/production/_ext/2003650513/plib_xdmac.o
 .ARM.attributes
                0x00000631       0x32 build/default/production/_ext/1360937237/main.o
 .ARM.attributes
                0x00000663       0x32 build/default/production/_ext/1360937237/app.o
 .ARM.attributes
                0x00000695       0x32 c:/program files/microchip/xc32/v4.10/bin/bin/../../lib/gcc/pic32c/8.3.1/../../../../pic32c/lib/thumb/v7e-m+dp/hard\libpic32c.a(data_init.o)
 .ARM.attributes
                0x000006c7       0x32 c:/program files/microchip/xc32/v4.10/bin/bin/../../lib/gcc/pic32c/8.3.1/../../../../pic32c/lib/thumb/v7e-m+dp/hard\libc_nano.a(lib_a-init.o)
 .ARM.attributes
                0x000006f9       0x32 c:/program files/microchip/xc32/v4.10/bin/bin/../../lib/gcc/pic32c/8.3.1/../../../../pic32c/lib/thumb/v7e-m+dp/hard\libc_nano.a(lib_a-memcpy-stub.o)
 .ARM.attributes
                0x0000072b       0x32 c:/program files/microchip/xc32/v4.10/bin/bin/../../lib/gcc/pic32c/8.3.1/../../../../pic32c/lib/thumb/v7e-m+dp/hard\libc_nano.a(lib_a-memset.o)
 .ARM.attributes
                0x0000075d       0x1e c:/program files/microchip/xc32/v4.10/bin/bin/../../lib/gcc/pic32c/8.3.1/thumb/v7e-m+dp/hard/crtn.o

.comment        0x00000000       0x2b
 .comment       0x00000000       0x2b c:/program files/microchip/xc32/v4.10/bin/bin/../../lib/gcc/pic32c/8.3.1/thumb/v7e-m+dp/hard/crtbegin.o
                                 0x2c (size before relaxing)
 .comment       0x0000002b       0x2c build/default/production/_ext/1171490990/initialization.o
 .comment       0x0000002b       0x2c build/default/production/_ext/1171490990/interrupts.o
 .comment       0x0000002b       0x2c build/default/production/_ext/1171490990/exceptions.o
 .comment       0x0000002b       0x2c build/default/production/_ext/60165520/plib_clk.o
 .comment       0x0000002b       0x2c build/default/production/_ext/60177924/plib_pio.o
 .comment       0x0000002b       0x2c build/default/production/_ext/1865468468/plib_nvic.o
 .comment       0x0000002b       0x2c build/default/production/_ext/1171490990/startup_xc32.o
 .comment       0x0000002b       0x2c build/default/production/_ext/1171490990/usb_device_init_data.o
 .comment       0x0000002b       0x2c build/default/production/_ext/308758920/usb_device.o
 .comment       0x0000002b       0x2c build/default/production/_ext/60167248/plib_efc.o
 .comment       0x0000002b       0x2c build/default/production/_ext/667276850/drv_i2s.o
 .comment       0x0000002b       0x2c build/default/production/_ext/308758920/usb_device_audio_v2_0.o
 .comment       0x0000002b       0x2c build/default/production/_ext/308758920/usb_device_audio_v2_read_write.o
 .comment       0x0000002b       0x2c build/default/production/_ext/9307438/drv_usbhsv1.o
 .comment       0x0000002b       0x2c build/default/production/_ext/9307438/drv_usbhsv1_device.o
 .comment       0x0000002b       0x2c build/default/production/_ext/621496242/plib_twihs0_master.o
 .comment       0x0000002b       0x2c build/default/production/_ext/308758920/usb_device_cdc.o
 .comment       0x0000002b       0x2c build/default/production/_ext/308758920/usb_device_cdc_acm.o
 .comment       0x0000002b       0x2c build/default/production/_ext/621496242/plib_twihs2_master.o
 .comment       0x0000002b       0x2c build/default/production/_ext/2965202/plib_i2sc0.o
 .comment       0x0000002b       0x2c build/default/production/_ext/1171490990/freertos_hooks.o
 .comment       0x0000002b       0x2c build/default/production/_ext/404212886/list.o
 .comment       0x0000002b       0x2c build/default/production/_ext/404212886/queue.o
 .comment       0x0000002b       0x2c build/default/production/_ext/404212886/FreeRTOS_tasks.o
 .comment       0x0000002b       0x2c build/default/production/_ext/1665200909/heap_1.o
 .comment       0x0000002b       0x2c build/default/production/_ext/977623654/port.o
 .comment       0x0000002b       0x2c build/default/production/_ext/1881668453/sys_int.o
 .comment       0x0000002b       0x2c build/default/production/_ext/1529399856/osal_freertos.o
 .comment       0x0000002b       0x2c build/default/production/_ext/1171490990/tasks.o
 .comment       0x0000002b       0x2c build/default/production/_ext/2003650513/plib_xdmac.o
 .comment       0x0000002b       0x2c build/default/production/_ext/1360937237/main.o
 .comment       0x0000002b       0x2c build/default/production/_ext/1360937237/app.o
 .comment       0x0000002b       0x2c c:/program files/microchip/xc32/v4.10/bin/bin/../../lib/gcc/pic32c/8.3.1/../../../../pic32c/lib/thumb/v7e-m+dp/hard\libpic32c.a(data_init.o)
 .comment       0x0000002b       0x2c c:/program files/microchip/xc32/v4.10/bin/bin/../../lib/gcc/pic32c/8.3.1/../../../../pic32c/lib/thumb/v7e-m+dp/hard\libc_nano.a(lib_a-init.o)
 .comment       0x0000002b       0x2c c:/program files/microchip/xc32/v4.10/bin/bin/../../lib/gcc/pic32c/8.3.1/../../../../pic32c/lib/thumb/v7e-m+dp/hard\libc_nano.a(lib_a-memcpy-stub.o)
 .comment       0x0000002b       0x2c c:/program files/microchip/xc32/v4.10/bin/bin/../../lib/gcc/pic32c/8.3.1/../../../../pic32c/lib/thumb/v7e-m+dp/hard\libc_nano.a(lib_a-memset.o)

.debug_info     0x00000000    0x384aa
 .debug_info    0x00000000     0x2b92 build/default/production/_ext/1171490990/initialization.o
 .debug_info    0x00002b92     0x137a build/default/production/_ext/1171490990/interrupts.o
 .debug_info    0x00003f0c      0x3f9 build/default/production/_ext/1171490990/exceptions.o
 .debug_info    0x00004305      0xc35 build/default/production/_ext/60165520/plib_clk.o
 .debug_info    0x00004f3a      0xf35 build/default/production/_ext/60177924/plib_pio.o
 .debug_info    0x00005e6f     0x1210 build/default/production/_ext/1865468468/plib_nvic.o
 .debug_info    0x0000707f      0xe15 build/default/production/_ext/1171490990/startup_xc32.o
 .debug_info    0x00007e94     0x3372 build/default/production/_ext/1171490990/usb_device_init_data.o
 .debug_info    0x0000b206     0x60ac build/default/production/_ext/308758920/usb_device.o
 .debug_info    0x000112b2      0x960 build/default/production/_ext/60167248/plib_efc.o
 .debug_info    0x00011c12     0x366a build/default/production/_ext/667276850/drv_i2s.o
 .debug_info    0x0001527c     0x343a build/default/production/_ext/308758920/usb_device_audio_v2_0.o
 .debug_info    0x000186b6     0x2026 build/default/production/_ext/308758920/usb_device_audio_v2_read_write.o
 .debug_info    0x0001a6dc     0x4692 build/default/production/_ext/9307438/drv_usbhsv1.o
 .debug_info    0x0001ed6e     0x661c build/default/production/_ext/9307438/drv_usbhsv1_device.o
 .debug_info    0x0002538a      0xd67 build/default/production/_ext/621496242/plib_twihs0_master.o
 .debug_info    0x000260f1     0x3ba3 build/default/production/_ext/308758920/usb_device_cdc.o
 .debug_info    0x00029c94     0x152a build/default/production/_ext/308758920/usb_device_cdc_acm.o
 .debug_info    0x0002b1be      0xd67 build/default/production/_ext/621496242/plib_twihs2_master.o
 .debug_info    0x0002bf25     0x1312 build/default/production/_ext/2965202/plib_i2sc0.o
 .debug_info    0x0002d237      0x55b build/default/production/_ext/1171490990/freertos_hooks.o
 .debug_info    0x0002d792      0x66b build/default/production/_ext/404212886/list.o
 .debug_info    0x0002ddfd     0x2198 build/default/production/_ext/404212886/queue.o
 .debug_info    0x0002ff95     0x2ec1 build/default/production/_ext/404212886/FreeRTOS_tasks.o
 .debug_info    0x00032e56      0x548 build/default/production/_ext/1665200909/heap_1.o
 .debug_info    0x0003339e      0x7b0 build/default/production/_ext/977623654/port.o
 .debug_info    0x00033b4e      0xc0c build/default/production/_ext/1881668453/sys_int.o
 .debug_info    0x0003475a      0xbf1 build/default/production/_ext/1529399856/osal_freertos.o
 .debug_info    0x0003534b      0xca3 build/default/production/_ext/1171490990/tasks.o
 .debug_info    0x00035fee      0xdb9 build/default/production/_ext/2003650513/plib_xdmac.o
 .debug_info    0x00036da7      0x9cc build/default/production/_ext/1360937237/main.o
 .debug_info    0x00037773      0xa83 build/default/production/_ext/1360937237/app.o
 .debug_info    0x000381f6      0x2b4 c:/program files/microchip/xc32/v4.10/bin/bin/../../lib/gcc/pic32c/8.3.1/../../../../pic32c/lib/thumb/v7e-m+dp/hard\libpic32c.a(data_init.o)

.debug_abbrev   0x00000000     0x4de5
 .debug_abbrev  0x00000000      0x226 build/default/production/_ext/1171490990/initialization.o
 .debug_abbrev  0x00000226       0xde build/default/production/_ext/1171490990/interrupts.o
 .debug_abbrev  0x00000304       0x3e build/default/production/_ext/1171490990/exceptions.o
 .debug_abbrev  0x00000342      0x113 build/default/production/_ext/60165520/plib_clk.o
 .debug_abbrev  0x00000455      0x175 build/default/production/_ext/60177924/plib_pio.o
 .debug_abbrev  0x000005ca      0x1e4 build/default/production/_ext/1865468468/plib_nvic.o
 .debug_abbrev  0x000007ae      0x23c build/default/production/_ext/1171490990/startup_xc32.o
 .debug_abbrev  0x000009ea      0x225 build/default/production/_ext/1171490990/usb_device_init_data.o
 .debug_abbrev  0x00000c0f      0x49d build/default/production/_ext/308758920/usb_device.o
 .debug_abbrev  0x000010ac      0x1f8 build/default/production/_ext/60167248/plib_efc.o
 .debug_abbrev  0x000012a4      0x500 build/default/production/_ext/667276850/drv_i2s.o
 .debug_abbrev  0x000017a4      0x3c0 build/default/production/_ext/308758920/usb_device_audio_v2_0.o
 .debug_abbrev  0x00001b64      0x30a build/default/production/_ext/308758920/usb_device_audio_v2_read_write.o
 .debug_abbrev  0x00001e6e      0x420 build/default/production/_ext/9307438/drv_usbhsv1.o
 .debug_abbrev  0x0000228e      0x4f6 build/default/production/_ext/9307438/drv_usbhsv1_device.o
 .debug_abbrev  0x00002784      0x2d9 build/default/production/_ext/621496242/plib_twihs0_master.o
 .debug_abbrev  0x00002a5d      0x401 build/default/production/_ext/308758920/usb_device_cdc.o
 .debug_abbrev  0x00002e5e      0x1c8 build/default/production/_ext/308758920/usb_device_cdc_acm.o
 .debug_abbrev  0x00003026      0x2d9 build/default/production/_ext/621496242/plib_twihs2_master.o
 .debug_abbrev  0x000032ff      0x12b build/default/production/_ext/2965202/plib_i2sc0.o
 .debug_abbrev  0x0000342a      0x13f build/default/production/_ext/1171490990/freertos_hooks.o
 .debug_abbrev  0x00003569      0x14f build/default/production/_ext/404212886/list.o
 .debug_abbrev  0x000036b8      0x38a build/default/production/_ext/404212886/queue.o
 .debug_abbrev  0x00003a42      0x466 build/default/production/_ext/404212886/FreeRTOS_tasks.o
 .debug_abbrev  0x00003ea8      0x15d build/default/production/_ext/1665200909/heap_1.o
 .debug_abbrev  0x00004005      0x22f build/default/production/_ext/977623654/port.o
 .debug_abbrev  0x00004234      0x254 build/default/production/_ext/1881668453/sys_int.o
 .debug_abbrev  0x00004488      0x1db build/default/production/_ext/1529399856/osal_freertos.o
 .debug_abbrev  0x00004663      0x15e build/default/production/_ext/1171490990/tasks.o
 .debug_abbrev  0x000047c1      0x2ad build/default/production/_ext/2003650513/plib_xdmac.o
 .debug_abbrev  0x00004a6e      0x18e build/default/production/_ext/1360937237/main.o
 .debug_abbrev  0x00004bfc      0x1bb build/default/production/_ext/1360937237/app.o
 .debug_abbrev  0x00004db7       0x2e c:/program files/microchip/xc32/v4.10/bin/bin/../../lib/gcc/pic32c/8.3.1/../../../../pic32c/lib/thumb/v7e-m+dp/hard\libpic32c.a(data_init.o)

.debug_loc      0x00000000    0x113cc
 .debug_loc     0x00000000       0x45 build/default/production/_ext/1171490990/initialization.o
 .debug_loc     0x00000045       0x94 build/default/production/_ext/60177924/plib_pio.o
 .debug_loc     0x000000d9      0x1ae build/default/production/_ext/1865468468/plib_nvic.o
 .debug_loc     0x00000287       0xa7 build/default/production/_ext/1171490990/startup_xc32.o
 .debug_loc     0x0000032e     0x3065 build/default/production/_ext/308758920/usb_device.o
 .debug_loc     0x00003393      0x611 build/default/production/_ext/60167248/plib_efc.o
 .debug_loc     0x000039a4     0x1547 build/default/production/_ext/667276850/drv_i2s.o
 .debug_loc     0x00004eeb      0xd11 build/default/production/_ext/308758920/usb_device_audio_v2_0.o
 .debug_loc     0x00005bfc      0xcd3 build/default/production/_ext/308758920/usb_device_audio_v2_read_write.o
 .debug_loc     0x000068cf      0x927 build/default/production/_ext/9307438/drv_usbhsv1.o
 .debug_loc     0x000071f6     0x338a build/default/production/_ext/9307438/drv_usbhsv1_device.o
 .debug_loc     0x0000a580      0x6b3 build/default/production/_ext/621496242/plib_twihs0_master.o
 .debug_loc     0x0000ac33     0x1570 build/default/production/_ext/308758920/usb_device_cdc.o
 .debug_loc     0x0000c1a3      0x1cc build/default/production/_ext/308758920/usb_device_cdc_acm.o
 .debug_loc     0x0000c36f      0x6b3 build/default/production/_ext/621496242/plib_twihs2_master.o
 .debug_loc     0x0000ca22       0xd5 build/default/production/_ext/2965202/plib_i2sc0.o
 .debug_loc     0x0000caf7       0x82 build/default/production/_ext/1171490990/freertos_hooks.o
 .debug_loc     0x0000cb79       0xbf build/default/production/_ext/404212886/list.o
 .debug_loc     0x0000cc38     0x16e4 build/default/production/_ext/404212886/queue.o
 .debug_loc     0x0000e31c     0x211d build/default/production/_ext/404212886/FreeRTOS_tasks.o
 .debug_loc     0x00010439       0x80 build/default/production/_ext/1665200909/heap_1.o
 .debug_loc     0x000104b9      0x13a build/default/production/_ext/977623654/port.o
 .debug_loc     0x000105f3      0x182 build/default/production/_ext/1881668453/sys_int.o
 .debug_loc     0x00010775      0x727 build/default/production/_ext/1529399856/osal_freertos.o
 .debug_loc     0x00010e9c      0x107 build/default/production/_ext/1171490990/tasks.o
 .debug_loc     0x00010fa3      0x3df build/default/production/_ext/2003650513/plib_xdmac.o
 .debug_loc     0x00011382       0x20 build/default/production/_ext/1360937237/main.o
 .debug_loc     0x000113a2       0x16 build/default/production/_ext/1360937237/app.o
 .debug_loc     0x000113b8       0x14 c:/program files/microchip/xc32/v4.10/bin/bin/../../lib/gcc/pic32c/8.3.1/../../../../pic32c/lib/thumb/v7e-m+dp/hard\libpic32c.a(data_init.o)

.debug_aranges  0x00000000      0xd40
 .debug_aranges
                0x00000000       0x20 build/default/production/_ext/1171490990/initialization.o
 .debug_aranges
                0x00000020       0x20 build/default/production/_ext/1171490990/interrupts.o
 .debug_aranges
                0x00000040       0x48 build/default/production/_ext/1171490990/exceptions.o
 .debug_aranges
                0x00000088       0x20 build/default/production/_ext/60165520/plib_clk.o
 .debug_aranges
                0x000000a8       0x60 build/default/production/_ext/60177924/plib_pio.o
 .debug_aranges
                0x00000108       0x38 build/default/production/_ext/1865468468/plib_nvic.o
 .debug_aranges
                0x00000140       0x28 build/default/production/_ext/1171490990/startup_xc32.o
 .debug_aranges
                0x00000168       0x18 build/default/production/_ext/1171490990/usb_device_init_data.o
 .debug_aranges
                0x00000180      0x1a0 build/default/production/_ext/308758920/usb_device.o
 .debug_aranges
                0x00000320       0x70 build/default/production/_ext/60167248/plib_efc.o
 .debug_aranges
                0x00000390       0xd0 build/default/production/_ext/667276850/drv_i2s.o
 .debug_aranges
                0x00000460       0x50 build/default/production/_ext/308758920/usb_device_audio_v2_0.o
 .debug_aranges
                0x000004b0       0x38 build/default/production/_ext/308758920/usb_device_audio_v2_read_write.o
 .debug_aranges
                0x000004e8       0x70 build/default/production/_ext/9307438/drv_usbhsv1.o
 .debug_aranges
                0x00000558       0xc8 build/default/production/_ext/9307438/drv_usbhsv1_device.o
 .debug_aranges
                0x00000620       0x70 build/default/production/_ext/621496242/plib_twihs0_master.o
 .debug_aranges
                0x00000690       0x88 build/default/production/_ext/308758920/usb_device_cdc.o
 .debug_aranges
                0x00000718       0x20 build/default/production/_ext/308758920/usb_device_cdc_acm.o
 .debug_aranges
                0x00000738       0x70 build/default/production/_ext/621496242/plib_twihs2_master.o
 .debug_aranges
                0x000007a8       0x40 build/default/production/_ext/2965202/plib_i2sc0.o
 .debug_aranges
                0x000007e8       0x40 build/default/production/_ext/1171490990/freertos_hooks.o
 .debug_aranges
                0x00000828       0x40 build/default/production/_ext/404212886/list.o
 .debug_aranges
                0x00000868       0xc8 build/default/production/_ext/404212886/queue.o
 .debug_aranges
                0x00000930      0x178 build/default/production/_ext/404212886/FreeRTOS_tasks.o
 .debug_aranges
                0x00000aa8       0x38 build/default/production/_ext/1665200909/heap_1.o
 .debug_aranges
                0x00000ae0       0x78 build/default/production/_ext/977623654/port.o
 .debug_aranges
                0x00000b58       0x40 build/default/production/_ext/1881668453/sys_int.o
 .debug_aranges
                0x00000b98       0x90 build/default/production/_ext/1529399856/osal_freertos.o
 .debug_aranges
                0x00000c28       0x38 build/default/production/_ext/1171490990/tasks.o
 .debug_aranges
                0x00000c60       0x78 build/default/production/_ext/2003650513/plib_xdmac.o
 .debug_aranges
                0x00000cd8       0x20 build/default/production/_ext/1360937237/main.o
 .debug_aranges
                0x00000cf8       0x28 build/default/production/_ext/1360937237/app.o
 .debug_aranges
                0x00000d20       0x20 c:/program files/microchip/xc32/v4.10/bin/bin/../../lib/gcc/pic32c/8.3.1/../../../../pic32c/lib/thumb/v7e-m+dp/hard\libpic32c.a(data_init.o)

.debug_ranges   0x00000000      0xf20
 .debug_ranges  0x00000000       0x10 build/default/production/_ext/1171490990/initialization.o
 .debug_ranges  0x00000010       0x10 build/default/production/_ext/1171490990/interrupts.o
 .debug_ranges  0x00000020       0x38 build/default/production/_ext/1171490990/exceptions.o
 .debug_ranges  0x00000058       0x10 build/default/production/_ext/60165520/plib_clk.o
 .debug_ranges  0x00000068       0x50 build/default/production/_ext/60177924/plib_pio.o
 .debug_ranges  0x000000b8       0x28 build/default/production/_ext/1865468468/plib_nvic.o
 .debug_ranges  0x000000e0       0x48 build/default/production/_ext/1171490990/startup_xc32.o
 .debug_ranges  0x00000128      0x190 build/default/production/_ext/308758920/usb_device.o
 .debug_ranges  0x000002b8       0x90 build/default/production/_ext/60167248/plib_efc.o
 .debug_ranges  0x00000348      0x180 build/default/production/_ext/667276850/drv_i2s.o
 .debug_ranges  0x000004c8       0x40 build/default/production/_ext/308758920/usb_device_audio_v2_0.o
 .debug_ranges  0x00000508       0x28 build/default/production/_ext/308758920/usb_device_audio_v2_read_write.o
 .debug_ranges  0x00000530       0x60 build/default/production/_ext/9307438/drv_usbhsv1.o
 .debug_ranges  0x00000590      0x190 build/default/production/_ext/9307438/drv_usbhsv1_device.o
 .debug_ranges  0x00000720       0x60 build/default/production/_ext/621496242/plib_twihs0_master.o
 .debug_ranges  0x00000780       0x78 build/default/production/_ext/308758920/usb_device_cdc.o
 .debug_ranges  0x000007f8       0x10 build/default/production/_ext/308758920/usb_device_cdc_acm.o
 .debug_ranges  0x00000808       0x60 build/default/production/_ext/621496242/plib_twihs2_master.o
 .debug_ranges  0x00000868       0x30 build/default/production/_ext/2965202/plib_i2sc0.o
 .debug_ranges  0x00000898       0x30 build/default/production/_ext/1171490990/freertos_hooks.o
 .debug_ranges  0x000008c8       0x30 build/default/production/_ext/404212886/list.o
 .debug_ranges  0x000008f8      0x180 build/default/production/_ext/404212886/queue.o
 .debug_ranges  0x00000a78      0x288 build/default/production/_ext/404212886/FreeRTOS_tasks.o
 .debug_ranges  0x00000d00       0x28 build/default/production/_ext/1665200909/heap_1.o
 .debug_ranges  0x00000d28       0x68 build/default/production/_ext/977623654/port.o
 .debug_ranges  0x00000d90       0x48 build/default/production/_ext/1881668453/sys_int.o
 .debug_ranges  0x00000dd8       0x80 build/default/production/_ext/1529399856/osal_freertos.o
 .debug_ranges  0x00000e58       0x28 build/default/production/_ext/1171490990/tasks.o
 .debug_ranges  0x00000e80       0x68 build/default/production/_ext/2003650513/plib_xdmac.o
 .debug_ranges  0x00000ee8       0x10 build/default/production/_ext/1360937237/main.o
 .debug_ranges  0x00000ef8       0x18 build/default/production/_ext/1360937237/app.o
 .debug_ranges  0x00000f10       0x10 c:/program files/microchip/xc32/v4.10/bin/bin/../../lib/gcc/pic32c/8.3.1/../../../../pic32c/lib/thumb/v7e-m+dp/hard\libpic32c.a(data_init.o)

.debug_line     0x00000000     0xf061
 .debug_line    0x00000000      0x576 build/default/production/_ext/1171490990/initialization.o
 .debug_line    0x00000576      0x16a build/default/production/_ext/1171490990/interrupts.o
 .debug_line    0x000006e0       0xc6 build/default/production/_ext/1171490990/exceptions.o
 .debug_line    0x000007a6      0x2f6 build/default/production/_ext/60165520/plib_clk.o
 .debug_line    0x00000a9c      0x34b build/default/production/_ext/60177924/plib_pio.o
 .debug_line    0x00000de7      0x3e2 build/default/production/_ext/1865468468/plib_nvic.o
 .debug_line    0x000011c9      0x4c1 build/default/production/_ext/1171490990/startup_xc32.o
 .debug_line    0x0000168a      0x33d build/default/production/_ext/1171490990/usb_device_init_data.o
 .debug_line    0x000019c7     0x19ad build/default/production/_ext/308758920/usb_device.o
 .debug_line    0x00003374      0x425 build/default/production/_ext/60167248/plib_efc.o
 .debug_line    0x00003799     0x14fd build/default/production/_ext/667276850/drv_i2s.o
 .debug_line    0x00004c96      0x8ac build/default/production/_ext/308758920/usb_device_audio_v2_0.o
 .debug_line    0x00005542      0x5ef build/default/production/_ext/308758920/usb_device_audio_v2_read_write.o
 .debug_line    0x00005b31      0x90c build/default/production/_ext/9307438/drv_usbhsv1.o
 .debug_line    0x0000643d     0x2366 build/default/production/_ext/9307438/drv_usbhsv1_device.o
 .debug_line    0x000087a3      0x822 build/default/production/_ext/621496242/plib_twihs0_master.o
 .debug_line    0x00008fc5      0xbc5 build/default/production/_ext/308758920/usb_device_cdc.o
 .debug_line    0x00009b8a      0x224 build/default/production/_ext/308758920/usb_device_cdc_acm.o
 .debug_line    0x00009dae      0x822 build/default/production/_ext/621496242/plib_twihs2_master.o
 .debug_line    0x0000a5d0      0x27f build/default/production/_ext/2965202/plib_i2sc0.o
 .debug_line    0x0000a84f      0x236 build/default/production/_ext/1171490990/freertos_hooks.o
 .debug_line    0x0000aa85      0x32c build/default/production/_ext/404212886/list.o
 .debug_line    0x0000adb1      0xf2f build/default/production/_ext/404212886/queue.o
 .debug_line    0x0000bce0     0x17fb build/default/production/_ext/404212886/FreeRTOS_tasks.o
 .debug_line    0x0000d4db      0x284 build/default/production/_ext/1665200909/heap_1.o
 .debug_line    0x0000d75f      0x3b7 build/default/production/_ext/977623654/port.o
 .debug_line    0x0000db16      0x31c build/default/production/_ext/1881668453/sys_int.o
 .debug_line    0x0000de32      0x4b6 build/default/production/_ext/1529399856/osal_freertos.o
 .debug_line    0x0000e2e8      0x2e8 build/default/production/_ext/1171490990/tasks.o
 .debug_line    0x0000e5d0      0x50b build/default/production/_ext/2003650513/plib_xdmac.o
 .debug_line    0x0000eadb      0x234 build/default/production/_ext/1360937237/main.o
 .debug_line    0x0000ed0f      0x240 build/default/production/_ext/1360937237/app.o
 .debug_line    0x0000ef4f      0x112 c:/program files/microchip/xc32/v4.10/bin/bin/../../lib/gcc/pic32c/8.3.1/../../../../pic32c/lib/thumb/v7e-m+dp/hard\libpic32c.a(data_init.o)

.debug_str      0x00000000     0x1715
 .debug_str     0x00000000      0x14f build/default/production/_ext/1171490990/initialization.o
 .debug_str     0x0000014f        0x0 build/default/production/_ext/1171490990/interrupts.o
 .debug_str     0x0000014f        0x0 build/default/production/_ext/1171490990/exceptions.o
 .debug_str     0x0000014f       0x3c build/default/production/_ext/60165520/plib_clk.o
 .debug_str     0x0000018b       0x46 build/default/production/_ext/60177924/plib_pio.o
 .debug_str     0x000001d1       0x28 build/default/production/_ext/1865468468/plib_nvic.o
 .debug_str     0x000001f9       0x2f build/default/production/_ext/1171490990/startup_xc32.o
 .debug_str     0x00000228       0xc8 build/default/production/_ext/1171490990/usb_device_init_data.o
 .debug_str     0x000002f0      0x2f0 build/default/production/_ext/308758920/usb_device.o
 .debug_str     0x000005e0       0x14 build/default/production/_ext/60167248/plib_efc.o
 .debug_str     0x000005f4      0x148 build/default/production/_ext/667276850/drv_i2s.o
 .debug_str     0x0000073c      0x183 build/default/production/_ext/308758920/usb_device_audio_v2_0.o
 .debug_str     0x000008bf       0xbc build/default/production/_ext/308758920/usb_device_audio_v2_read_write.o
 .debug_str     0x0000097b      0x1b8 build/default/production/_ext/9307438/drv_usbhsv1.o
 .debug_str     0x00000b33      0x195 build/default/production/_ext/9307438/drv_usbhsv1_device.o
 .debug_str     0x00000cc8       0x11 build/default/production/_ext/621496242/plib_twihs0_master.o
 .debug_str     0x00000cd9      0x202 build/default/production/_ext/308758920/usb_device_cdc.o
 .debug_str     0x00000edb       0x27 build/default/production/_ext/308758920/usb_device_cdc_acm.o
 .debug_str     0x00000f02       0x11 build/default/production/_ext/621496242/plib_twihs2_master.o
 .debug_str     0x00000f13       0x46 build/default/production/_ext/2965202/plib_i2sc0.o
 .debug_str     0x00000f59       0x25 build/default/production/_ext/1171490990/freertos_hooks.o
 .debug_str     0x00000f7e       0x2b build/default/production/_ext/404212886/list.o
 .debug_str     0x00000fa9      0x27f build/default/production/_ext/404212886/queue.o
 .debug_str     0x00001228      0x275 build/default/production/_ext/404212886/FreeRTOS_tasks.o
 .debug_str     0x0000149d       0x3c build/default/production/_ext/1665200909/heap_1.o
 .debug_str     0x000014d9       0x26 build/default/production/_ext/977623654/port.o
 .debug_str     0x000014ff       0x32 build/default/production/_ext/1881668453/sys_int.o
 .debug_str     0x00001531      0x13b build/default/production/_ext/1529399856/osal_freertos.o
 .debug_str     0x0000166c       0x65 build/default/production/_ext/1171490990/tasks.o
 .debug_str     0x000016d1       0x2b build/default/production/_ext/2003650513/plib_xdmac.o
 .debug_str     0x000016fc       0x19 build/default/production/_ext/1360937237/main.o
 .debug_str     0x00001715        0x0 build/default/production/_ext/1360937237/app.o
 .debug_str     0x00001715        0x0 c:/program files/microchip/xc32/v4.10/bin/bin/../../lib/gcc/pic32c/8.3.1/../../../../pic32c/lib/thumb/v7e-m+dp/hard\libpic32c.a(data_init.o)

.debug_frame    0x00000000     0x2110
 .debug_frame   0x00000000       0x28 build/default/production/_ext/1171490990/initialization.o
 .debug_frame   0x00000028       0x20 build/default/production/_ext/1171490990/interrupts.o
 .debug_frame   0x00000048       0x70 build/default/production/_ext/1171490990/exceptions.o
 .debug_frame   0x000000b8       0x20 build/default/production/_ext/60165520/plib_clk.o
 .debug_frame   0x000000d8       0xa0 build/default/production/_ext/60177924/plib_pio.o
 .debug_frame   0x00000178       0x50 build/default/production/_ext/1865468468/plib_nvic.o
 .debug_frame   0x000001c8       0x38 build/default/production/_ext/1171490990/startup_xc32.o
 .debug_frame   0x00000200      0x56c build/default/production/_ext/308758920/usb_device.o
 .debug_frame   0x0000076c       0xec build/default/production/_ext/60167248/plib_efc.o
 .debug_frame   0x00000858      0x23c build/default/production/_ext/667276850/drv_i2s.o
 .debug_frame   0x00000a94       0xf0 build/default/production/_ext/308758920/usb_device_audio_v2_0.o
 .debug_frame   0x00000b84       0x98 build/default/production/_ext/308758920/usb_device_audio_v2_read_write.o
 .debug_frame   0x00000c1c      0x100 build/default/production/_ext/9307438/drv_usbhsv1.o
 .debug_frame   0x00000d1c      0x2a4 build/default/production/_ext/9307438/drv_usbhsv1_device.o
 .debug_frame   0x00000fc0       0xf8 build/default/production/_ext/621496242/plib_twihs0_master.o
 .debug_frame   0x000010b8      0x198 build/default/production/_ext/308758920/usb_device_cdc.o
 .debug_frame   0x00001250       0x2c build/default/production/_ext/308758920/usb_device_cdc_acm.o
 .debug_frame   0x0000127c       0xf8 build/default/production/_ext/621496242/plib_twihs2_master.o
 .debug_frame   0x00001374       0x68 build/default/production/_ext/2965202/plib_i2sc0.o
 .debug_frame   0x000013dc       0x6c build/default/production/_ext/1171490990/freertos_hooks.o
 .debug_frame   0x00001448       0x6c build/default/production/_ext/404212886/list.o
 .debug_frame   0x000014b4      0x280 build/default/production/_ext/404212886/queue.o
 .debug_frame   0x00001734      0x46c build/default/production/_ext/404212886/FreeRTOS_tasks.o
 .debug_frame   0x00001ba0       0x5c build/default/production/_ext/1665200909/heap_1.o
 .debug_frame   0x00001bfc       0xe8 build/default/production/_ext/977623654/port.o
 .debug_frame   0x00001ce4       0x84 build/default/production/_ext/1881668453/sys_int.o
 .debug_frame   0x00001d68      0x180 build/default/production/_ext/1529399856/osal_freertos.o
 .debug_frame   0x00001ee8       0x7c build/default/production/_ext/1171490990/tasks.o
 .debug_frame   0x00001f64      0x11c build/default/production/_ext/2003650513/plib_xdmac.o
 .debug_frame   0x00002080       0x28 build/default/production/_ext/1360937237/main.o
 .debug_frame   0x000020a8       0x30 build/default/production/_ext/1360937237/app.o
 .debug_frame   0x000020d8       0x38 c:/program files/microchip/xc32/v4.10/bin/bin/../../lib/gcc/pic32c/8.3.1/../../../../pic32c/lib/thumb/v7e-m+dp/hard\libpic32c.a(data_init.o)

.stack          0x2040a910      0x100
 .stack         0x2040a910      0x100 stack

.bss.ucHeap%1   0x20400004     0xa000
 .bss.ucHeap    0x20400004     0xa000 build/default/production/_ext/1665200909/heap_1.o

.bss.usbDeviceInstance%2
                0x2040a004      0x154
 .bss.usbDeviceInstance
                0x2040a004      0x154 build/default/production/_ext/308758920/usb_device.o

.bss.gDrvUSBObj%3
                0x2040a158      0x11c
 .bss.gDrvUSBObj
                0x2040a158      0x11c build/default/production/_ext/9307438/drv_usbhsv1.o
                0x2040a158                gDrvUSBObj

.bss.gDrvUSBEndpoints%4
                0x2040a274       0x90
 .bss.gDrvUSBEndpoints
                0x2040a274       0x90 build/default/production/_ext/9307438/drv_usbhsv1.o
                0x2040a274                gDrvUSBEndpoints

.bss.pxReadyTasksLists%5
                0x2040a304       0x64
 .bss.pxReadyTasksLists
                0x2040a304       0x64 build/default/production/_ext/404212886/FreeRTOS_tasks.o

.data.impure_data%6
                0x2040a368       0x60
 .data.impure_data
                0x2040a368       0x60 c:/program files/microchip/xc32/v4.10/bin/bin/../../lib/gcc/pic32c/8.3.1/../../../../pic32c/lib/thumb/v7e-m+dp/hard\libc_nano.a(lib_a-impure.o)

.bss.gUsbDeviceAudioV2Instance%7
                0x2040a3c8       0x54
 .bss.gUsbDeviceAudioV2Instance
                0x2040a3c8       0x54 build/default/production/_ext/308758920/usb_device_audio_v2_read_write.o
                0x2040a3c8                gUsbDeviceAudioV2Instance

.data.gDrvUSBHSV1DeviceInterface%8
                0x2040a41c       0x50
 .data.gDrvUSBHSV1DeviceInterface
                0x2040a41c       0x50 build/default/production/_ext/9307438/drv_usbhsv1_device.o
                0x2040a41c                gDrvUSBHSV1DeviceInterface

.bss.gUSBDeviceCDCInstance%9
                0x2040a46c       0x44
 .bss.gUSBDeviceCDCInstance
                0x2040a46c       0x44 build/default/production/_ext/308758920/usb_device_cdc.o
                0x2040a46c                gUSBDeviceCDCInstance

.bss.gDrvI2SObj%10
                0x2040a4b0       0x40
 .bss.gDrvI2SObj
                0x2040a4b0       0x40 build/default/production/_ext/667276850/drv_i2s.o
                0x2040a4b0                gDrvI2SObj

.bss.gDrvUSBNonControlEndpoints%11
                0x2040a4f0       0x3c
 .bss.gDrvUSBNonControlEndpoints
                0x2040a4f0       0x3c build/default/production/_ext/9307438/drv_usbhsv1_device.o
                0x2040a4f0                gDrvUSBNonControlEndpoints

.data.drvI2S0InitData%12
                0x2040a52c       0x28
 .data.drvI2S0InitData
                0x2040a52c       0x28 build/default/production/_ext/1171490990/initialization.o
                0x2040a52c                drvI2S0InitData

.bss.twihs0Obj%13
                0x2040a554       0x28
 .bss.twihs0Obj
                0x2040a554       0x28 build/default/production/_ext/621496242/plib_twihs0_master.o

.bss.twihs2Obj%14
                0x2040a57c       0x28
 .bss.twihs2Obj
                0x2040a57c       0x28 build/default/production/_ext/621496242/plib_twihs2_master.o

.bss.xdmacChannelObj%15
                0x2040a5a4       0x20
 .bss.xdmacChannelObj
                0x2040a5a4       0x20 build/default/production/_ext/2003650513/plib_xdmac.o
                0x2040a5a4                xdmacChannelObj

.bss.xDelayedTaskList1%16
                0x2040a5c4       0x14
 .bss.xDelayedTaskList1
                0x2040a5c4       0x14 build/default/production/_ext/404212886/FreeRTOS_tasks.o

.bss.xDelayedTaskList2%17
                0x2040a5d8       0x14
 .bss.xDelayedTaskList2
                0x2040a5d8       0x14 build/default/production/_ext/404212886/FreeRTOS_tasks.o

.bss.xPendingReadyList%18
                0x2040a5ec       0x14
 .bss.xPendingReadyList
                0x2040a5ec       0x14 build/default/production/_ext/404212886/FreeRTOS_tasks.o

.bss.xSuspendedTaskList%19
                0x2040a600       0x14
 .bss.xSuspendedTaskList
                0x2040a600       0x14 build/default/production/_ext/404212886/FreeRTOS_tasks.o

.bss.xTasksWaitingTermination%20
                0x2040a614       0x14
 .bss.xTasksWaitingTermination
                0x2040a614       0x14 build/default/production/_ext/404212886/FreeRTOS_tasks.o

.bss.gUSBDeviceCDCSerialStateResponse%21
                0x2040a640        0xa
 .bss.gUSBDeviceCDCSerialStateResponse
                0x2040a640        0xa build/default/production/_ext/308758920/usb_device_cdc.o
                0x2040a640                gUSBDeviceCDCSerialStateResponse

.bss%22         0x2040a64c       0x1c
 .bss           0x2040a64c       0x1c c:/program files/microchip/xc32/v4.10/bin/bin/../../lib/gcc/pic32c/8.3.1/thumb/v7e-m+dp/hard/crtbegin.o

.bss.gDrvUSBControlEndpoints%23
                0x2040a628       0x18
 .bss.gDrvUSBControlEndpoints
                0x2040a628       0x18 build/default/production/_ext/9307438/drv_usbhsv1_device.o
                0x2040a628                gDrvUSBControlEndpoints

.bss.sysObj%24  0x2040a668        0xc
 .bss.sysObj    0x2040a668        0xc build/default/production/_ext/1171490990/initialization.o
                0x2040a668                sysObj

.bss.gUSBDeviceAudioV2CommonDataObj%25
                0x2040a674        0x8
 .bss.gUSBDeviceAudioV2CommonDataObj
                0x2040a674        0x8 build/default/production/_ext/308758920/usb_device_audio_v2_read_write.o
                0x2040a674                gUSBDeviceAudioV2CommonDataObj

.bss.gUSBDeviceCdcCommonDataObj%26
                0x2040a67c        0x8
 .bss.gUSBDeviceCdcCommonDataObj
                0x2040a67c        0x8 build/default/production/_ext/308758920/usb_device_cdc.o
                0x2040a67c                gUSBDeviceCdcCommonDataObj

.data.drvI2S0PlibAPI%27
                0x2040a684        0x4
 .data.drvI2S0PlibAPI
                0x2040a684        0x4 build/default/production/_ext/1171490990/initialization.o
                0x2040a684                drvI2S0PlibAPI

.bss.cmd.7662%28
                0x2040a688        0x4
 .bss.cmd.7662  0x2040a688        0x4 build/default/production/_ext/1171490990/startup_xc32.o

.bss.bufferObj%29
                0x2040a68c        0x4
 .bss.bufferObj
                0x2040a68c        0x4 build/default/production/_ext/667276850/drv_i2s.o

.bss.currentQueue%30
                0x2040a690        0x4
 .bss.currentQueue
                0x2040a690        0x4 build/default/production/_ext/667276850/drv_i2s.o

.bss.dObj%31    0x2040a694        0x4
 .bss.dObj      0x2040a694        0x4 build/default/production/_ext/667276850/drv_i2s.o

.bss.newObj%32  0x2040a698        0x4
 .bss.newObj    0x2040a698        0x4 build/default/production/_ext/667276850/drv_i2s.o

.bss.pxCurrentTCB%33
                0x2040a69c        0x4
 .bss.pxCurrentTCB
                0x2040a69c        0x4 build/default/production/_ext/404212886/FreeRTOS_tasks.o
                0x2040a69c                pxCurrentTCB

.bss.pxDelayedTaskList%34
                0x2040a6a0        0x4
 .bss.pxDelayedTaskList
                0x2040a6a0        0x4 build/default/production/_ext/404212886/FreeRTOS_tasks.o

.bss.pxOverflowDelayedTaskList%35
                0x2040a6a4        0x4
 .bss.pxOverflowDelayedTaskList
                0x2040a6a4        0x4 build/default/production/_ext/404212886/FreeRTOS_tasks.o

.bss.uxCurrentNumberOfTasks%36
                0x2040a6a8        0x4
 .bss.uxCurrentNumberOfTasks
                0x2040a6a8        0x4 build/default/production/_ext/404212886/FreeRTOS_tasks.o

.bss.uxDeletedTasksWaitingCleanUp%37
                0x2040a6ac        0x4
 .bss.uxDeletedTasksWaitingCleanUp
                0x2040a6ac        0x4 build/default/production/_ext/404212886/FreeRTOS_tasks.o

.bss.uxSchedulerSuspended%38
                0x2040a6b0        0x4
 .bss.uxSchedulerSuspended
                0x2040a6b0        0x4 build/default/production/_ext/404212886/FreeRTOS_tasks.o

.bss.uxTaskNumber%39
                0x2040a6b4        0x4
 .bss.uxTaskNumber
                0x2040a6b4        0x4 build/default/production/_ext/404212886/FreeRTOS_tasks.o

.bss.uxTopReadyPriority%40
                0x2040a6b8        0x4
 .bss.uxTopReadyPriority
                0x2040a6b8        0x4 build/default/production/_ext/404212886/FreeRTOS_tasks.o

.bss.xIdleTaskHandle%41
                0x2040a6bc        0x4
 .bss.xIdleTaskHandle
                0x2040a6bc        0x4 build/default/production/_ext/404212886/FreeRTOS_tasks.o

.bss.xNextTaskUnblockTime%42
                0x2040a6c0        0x4
 .bss.xNextTaskUnblockTime
                0x2040a6c0        0x4 build/default/production/_ext/404212886/FreeRTOS_tasks.o

.bss.xNumOfOverflows%43
                0x2040a6c4        0x4
 .bss.xNumOfOverflows
                0x2040a6c4        0x4 build/default/production/_ext/404212886/FreeRTOS_tasks.o

.bss.xPendedTicks%44
                0x2040a6c8        0x4
 .bss.xPendedTicks
                0x2040a6c8        0x4 build/default/production/_ext/404212886/FreeRTOS_tasks.o

.bss.xSchedulerRunning%45
                0x2040a6cc        0x4
 .bss.xSchedulerRunning
                0x2040a6cc        0x4 build/default/production/_ext/404212886/FreeRTOS_tasks.o

.bss.xTickCount%46
                0x2040a6d0        0x4
 .bss.xTickCount
                0x2040a6d0        0x4 build/default/production/_ext/404212886/FreeRTOS_tasks.o

.bss.xYieldPending%47
                0x2040a6d4        0x4
 .bss.xYieldPending
                0x2040a6d4        0x4 build/default/production/_ext/404212886/FreeRTOS_tasks.o

.bss.pucAlignedHeap.6555%48
                0x2040a6d8        0x4
 .bss.pucAlignedHeap.6555
                0x2040a6d8        0x4 build/default/production/_ext/1665200909/heap_1.o

.bss.xNextFreeByte%49
                0x2040a6dc        0x4
 .bss.xNextFreeByte
                0x2040a6dc        0x4 build/default/production/_ext/1665200909/heap_1.o

.data.uxCriticalNesting%50
                0x2040a6e0        0x4
 .data.uxCriticalNesting
                0x2040a6e0        0x4 build/default/production/_ext/977623654/port.o

.bss.xAPP_Tasks%51
                0x2040a6e4        0x4
 .bss.xAPP_Tasks
                0x2040a6e4        0x4 build/default/production/_ext/1171490990/tasks.o
                0x2040a6e4                xAPP_Tasks

.bss%52         0x2040a6e8        0x4
 .bss           0x2040a6e8        0x4 c:/program files/microchip/xc32/v4.10/bin/bin/../../lib/gcc/pic32c/8.3.1/../../../../pic32c/lib/thumb/v7e-m+dp/hard\libpic32c.a(data_init.o)

.data._impure_ptr%53
                0x2040a6ec        0x4
 .data._impure_ptr
                0x2040a6ec        0x4 c:/program files/microchip/xc32/v4.10/bin/bin/../../lib/gcc/pic32c/8.3.1/../../../../pic32c/lib/thumb/v7e-m+dp/hard\libc_nano.a(lib_a-impure.o)
                0x2040a6ec                _impure_ptr

.bss%54         0x2040a6f0        0x1
 .bss           0x2040a6f0        0x1 build/default/production/_ext/1360937237/app.o
                0x2040a6f0                appData

.eh_frame%z1    0x00000000        0x0
 .eh_frame      0x00000000        0x0 c:/program files/microchip/xc32/v4.10/bin/bin/../../lib/gcc/pic32c/8.3.1/thumb/v7e-m+dp/hard/crtbegin.o

.config_D0000000.__config_D0000000%55
                0xd0000000        0x4
 .config_D0000000.__config_D0000000
                0xd0000000        0x4 build/default/production/_ext/1171490990/initialization.o
                0xd0000000                __config_D0000000

.text%56        0x004002d4      0x898
 .text          0x004002d4      0x898 c:/program files/microchip/xc32/v4.10/bin/bin/../../lib/gcc/pic32c/8.3.1/thumb/v7e-m+dp/hard\libgcc.a(unwind-arm.o)
                0x0040053e                _Unwind_GetCFA
                0x00400542                __gnu_Unwind_RaiseException
                0x0040058e                __gnu_Unwind_ForcedUnwind
                0x004005a2                __gnu_Unwind_Resume
                0x004005e2                __gnu_Unwind_Resume_or_Rethrow
                0x004005f0                _Unwind_Complete
                0x004005f2                _Unwind_DeleteException
                0x004005fe                _Unwind_VRS_Get
                0x00400640                _Unwind_VRS_Set
                0x00400682                __gnu_Unwind_Backtrace
                0x00400924                __aeabi_unwind_cpp_pr0
                0x00400928                __aeabi_unwind_cpp_pr1
                0x0040092c                __aeabi_unwind_cpp_pr2
                0x00400930                _Unwind_VRS_Pop

.text._DRV_USBHSV1_DEVICE_Tasks_ISR%57
                0x00400b6c      0x6d8
 .text._DRV_USBHSV1_DEVICE_Tasks_ISR
                0x00400b6c      0x6d8 build/default/production/_ext/9307438/drv_usbhsv1_device.o
                0x00400b6c                _DRV_USBHSV1_DEVICE_Tasks_ISR

.text.DRV_USBHSV1_DEVICE_IRPSubmit%58
                0x00401244      0x4cc
 .text.DRV_USBHSV1_DEVICE_IRPSubmit
                0x00401244      0x4cc build/default/production/_ext/9307438/drv_usbhsv1_device.o
                0x00401244                DRV_USBHSV1_DEVICE_IRPSubmit

.dinit%59       0x00401710      0x380
 .dinit         0x00401710      0x380 data_init

.text%60        0x00401a90      0x2ea
 .text          0x00401a90      0x2ea c:/program files/microchip/xc32/v4.10/bin/bin/../../lib/gcc/pic32c/8.3.1/thumb/v7e-m+dp/hard\libgcc.a(pr-support.o)
                0x00401ad8                __gnu_unwind_execute
                0x00401d28                __gnu_unwind_frame
                0x00401d52                _Unwind_GetRegionStart
                0x00401d5c                _Unwind_GetLanguageSpecificData
                0x00401d6e                _Unwind_GetDataRelBase
                0x00401d74                _Unwind_GetTextRelBase

.text._USB_DEVICE_AUDIO_V2_SetupPacketHandler%61
                0x00401d7c      0x268
 .text._USB_DEVICE_AUDIO_V2_SetupPacketHandler
                0x00401d7c      0x268 build/default/production/_ext/308758920/usb_device_audio_v2_0.o
                0x00401d7c                _USB_DEVICE_AUDIO_V2_SetupPacketHandler

.text._DRV_I2S_BufferQueueTask%62
                0x00401fe4      0x1f4
 .text._DRV_I2S_BufferQueueTask
                0x00401fe4      0x1f4 build/default/production/_ext/667276850/drv_i2s.o

.text.xTaskCreate%63
                0x004021d8      0x1e4
 .text.xTaskCreate
                0x004021d8      0x1e4 build/default/production/_ext/404212886/FreeRTOS_tasks.o
                0x004021d8                xTaskCreate

.text%64        0x004023bc      0x1ac
 .text          0x004023bc      0x1ac c:/program files/microchip/xc32/v4.10/bin/bin/../../lib/gcc/pic32c/8.3.1/thumb/v7e-m+dp/hard\libgcc.a(libunwind.o)
                0x004023bc                __restore_core_regs
                0x004023bc                restore_core_regs
                0x004023d4                __gnu_Unwind_Restore_VFP
                0x004023dc                __gnu_Unwind_Save_VFP
                0x004023e4                __gnu_Unwind_Restore_VFP_D
                0x004023ec                __gnu_Unwind_Save_VFP_D
                0x004023f4                __gnu_Unwind_Restore_VFP_D_16_to_31
                0x004023fc                __gnu_Unwind_Save_VFP_D_16_to_31
                0x00402404                __gnu_Unwind_Restore_WMMXD
                0x00402448                __gnu_Unwind_Save_WMMXD
                0x0040248c                __gnu_Unwind_Restore_WMMXC
                0x004024a0                __gnu_Unwind_Save_WMMXC
                0x004024b4                ___Unwind_RaiseException
                0x004024b4                _Unwind_RaiseException
                0x004024d8                _Unwind_Resume
                0x004024d8                ___Unwind_Resume
                0x004024fc                _Unwind_Resume_or_Rethrow
                0x004024fc                ___Unwind_Resume_or_Rethrow
                0x00402520                _Unwind_ForcedUnwind
                0x00402520                ___Unwind_ForcedUnwind
                0x00402544                ___Unwind_Backtrace
                0x00402544                _Unwind_Backtrace

.text.TWIHS0_InterruptHandler%65
                0x00402568      0x198
 .text.TWIHS0_InterruptHandler
                0x00402568      0x198 build/default/production/_ext/621496242/plib_twihs0_master.o
                0x00402568                TWIHS0_InterruptHandler

.text.TWIHS2_InterruptHandler%66
                0x00402700      0x198
 .text.TWIHS2_InterruptHandler
                0x00402700      0x198 build/default/production/_ext/621496242/plib_twihs2_master.o
                0x00402700                TWIHS2_InterruptHandler

.text.DRV_USBHSV1_Tasks%67
                0x00402898      0x184
 .text.DRV_USBHSV1_Tasks
                0x00402898      0x184 build/default/production/_ext/9307438/drv_usbhsv1.o
                0x00402898                DRV_USBHSV1_Tasks

.text.Reset_Handler%68
                0x00402a1c      0x178
 .text.Reset_Handler
                0x00402a1c      0x178 build/default/production/_ext/1171490990/startup_xc32.o
                0x00402a1c                Reset_Handler

.text._USB_DEVICE_AUDIO_V2_Initialize%69
                0x00402b94      0x15c
 .text._USB_DEVICE_AUDIO_V2_Initialize
                0x00402b94      0x15c build/default/production/_ext/308758920/usb_device_audio_v2_0.o
                0x00402b94                _USB_DEVICE_AUDIO_V2_Initialize

.text.xQueueSemaphoreTake%70
                0x00402cf0      0x158
 .text.xQueueSemaphoreTake
                0x00402cf0      0x158 build/default/production/_ext/404212886/queue.o
                0x00402cf0                xQueueSemaphoreTake

.text.DRV_USBHSV1_DEVICE_EndpointEnable%71
                0x00402e48      0x144
 .text.DRV_USBHSV1_DEVICE_EndpointEnable
                0x00402e48      0x144 build/default/production/_ext/9307438/drv_usbhsv1_device.o
                0x00402e48                DRV_USBHSV1_DEVICE_EndpointEnable

.text.CLOCK_Initialize%72
                0x00402f8c      0x130
 .text.CLOCK_Initialize
                0x00402f8c      0x130 build/default/production/_ext/60165520/plib_clk.o
                0x00402f8c                CLOCK_Initialize

.text.xQueueGenericSend%73
                0x004030bc      0x128
 .text.xQueueGenericSend
                0x004030bc      0x128 build/default/production/_ext/404212886/queue.o
                0x004030bc                xQueueGenericSend

.text.DRV_USBHSV1_Initialize%74
                0x004031e4      0x124
 .text.DRV_USBHSV1_Initialize
                0x004031e4      0x124 build/default/production/_ext/9307438/drv_usbhsv1.o
                0x004031e4                DRV_USBHSV1_Initialize

.text._USB_DEVICE_ProcessStandardDeviceSetRequests%75
                0x00403308      0x120
 .text._USB_DEVICE_ProcessStandardDeviceSetRequests
                0x00403308      0x120 build/default/production/_ext/308758920/usb_device.o
                0x00403308                _USB_DEVICE_ProcessStandardDeviceSetRequests

.text._USB_DEVICE_Other_Speed_Descriptor_Request%76
                0x00403428      0x118
 .text._USB_DEVICE_Other_Speed_Descriptor_Request
                0x00403428      0x118 build/default/production/_ext/308758920/usb_device.o
                0x00403428                _USB_DEVICE_Other_Speed_Descriptor_Request

.text.xTaskIncrementTick%77
                0x00403540      0x114
 .text.xTaskIncrementTick
                0x00403540      0x114 build/default/production/_ext/404212886/FreeRTOS_tasks.o
                0x00403540                xTaskIncrementTick

.text.DRV_USBHSV1_DEVICE_EndpointDisable%78
                0x00403654      0x110
 .text.DRV_USBHSV1_DEVICE_EndpointDisable
                0x00403654      0x110 build/default/production/_ext/9307438/drv_usbhsv1_device.o
                0x00403654                DRV_USBHSV1_DEVICE_EndpointDisable

.text._USB_DEVICE_ControlTransferHandler%79
                0x00403764       0xf4
 .text._USB_DEVICE_ControlTransferHandler
                0x00403764       0xf4 build/default/production/_ext/308758920/usb_device.o
                0x00403764                _USB_DEVICE_ControlTransferHandler

.text._USB_DEVICE_Ep0ReceiveCompleteCallback%80
                0x00403858       0xec
 .text._USB_DEVICE_Ep0ReceiveCompleteCallback
                0x00403858       0xec build/default/production/_ext/308758920/usb_device.o
                0x00403858                _USB_DEVICE_Ep0ReceiveCompleteCallback

.rodata.fullSpeedConfigurationDescriptor%81
                0x00403944       0xe4
 .rodata.fullSpeedConfigurationDescriptor
                0x00403944       0xe4 build/default/production/_ext/1171490990/usb_device_init_data.o
                0x00403944                fullSpeedConfigurationDescriptor

.rodata.highSpeedConfigurationDescriptor%82
                0x00403a28       0xe4
 .rodata.highSpeedConfigurationDescriptor
                0x00403a28       0xe4 build/default/production/_ext/1171490990/usb_device_init_data.o
                0x00403a28                highSpeedConfigurationDescriptor

.text.xTaskResumeAll%83
                0x00403b0c       0xe4
 .text.xTaskResumeAll
                0x00403b0c       0xe4 build/default/production/_ext/404212886/FreeRTOS_tasks.o
                0x00403b0c                xTaskResumeAll

.text._USB_DEVICE_ProcessStandardDeviceGetRequests%84
                0x00403bf0       0xe2
 .text._USB_DEVICE_ProcessStandardDeviceGetRequests
                0x00403bf0       0xe2 build/default/production/_ext/308758920/usb_device.o
                0x00403bf0                _USB_DEVICE_ProcessStandardDeviceGetRequests

.text.DRV_USBHSV1_DEVICE_EndpointStall%85
                0x00403cd4       0xdc
 .text.DRV_USBHSV1_DEVICE_EndpointStall
                0x00403cd4       0xdc build/default/production/_ext/9307438/drv_usbhsv1_device.o
                0x00403cd4                DRV_USBHSV1_DEVICE_EndpointStall

.text.USB_DEVICE_Tasks%86
                0x00403db0       0xd8
 .text.USB_DEVICE_Tasks
                0x00403db0       0xd8 build/default/production/_ext/308758920/usb_device.o
                0x00403db0                USB_DEVICE_Tasks

.text.DRV_USBHSV1_DEVICE_TestModeEnter%87
                0x00403e88       0xd8
 .text.DRV_USBHSV1_DEVICE_TestModeEnter
                0x00403e88       0xd8 build/default/production/_ext/9307438/drv_usbhsv1_device.o
                0x00403e88                DRV_USBHSV1_DEVICE_TestModeEnter

.text.DRV_USBHSV1_DEVICE_EndpointStallClear%88
                0x00403f60       0xd8
 .text.DRV_USBHSV1_DEVICE_EndpointStallClear
                0x00403f60       0xd8 build/default/production/_ext/9307438/drv_usbhsv1_device.o
                0x00403f60                DRV_USBHSV1_DEVICE_EndpointStallClear

.text.DRV_I2S_Initialize%89
                0x00404038       0xd0
 .text.DRV_I2S_Initialize
                0x00404038       0xd0 build/default/production/_ext/667276850/drv_i2s.o
                0x00404038                DRV_I2S_Initialize

.text.USB_DEVICE_Initialize%90
                0x00404108       0xcc
 .text.USB_DEVICE_Initialize
                0x00404108       0xcc build/default/production/_ext/308758920/usb_device.o
                0x00404108                USB_DEVICE_Initialize

.text.DRV_USBHSV1_DEVICE_Detach%91
                0x004041d4       0xc4
 .text.DRV_USBHSV1_DEVICE_Detach
                0x004041d4       0xc4 build/default/production/_ext/9307438/drv_usbhsv1_device.o
                0x004041d4                DRV_USBHSV1_DEVICE_Detach

.text.DRV_USBHSV1_DEVICE_Attach%92
                0x00404298       0xb0
 .text.DRV_USBHSV1_DEVICE_Attach
                0x00404298       0xb0 build/default/production/_ext/9307438/drv_usbhsv1_device.o
                0x00404298                DRV_USBHSV1_DEVICE_Attach

.text._USB_DEVICE_CDC_Initialization%93
                0x00404348       0xa8
 .text._USB_DEVICE_CDC_Initialization
                0x00404348       0xa8 build/default/production/_ext/308758920/usb_device_cdc.o
                0x00404348                _USB_DEVICE_CDC_Initialization

.text.vTaskSwitchContext%94
                0x004043f0       0xa8
 .text.vTaskSwitchContext
                0x004043f0       0xa8 build/default/production/_ext/404212886/FreeRTOS_tasks.o
                0x004043f0                vTaskSwitchContext

.text.xTaskPriorityInherit%95
                0x00404498       0xa8
 .text.xTaskPriorityInherit
                0x00404498       0xa8 build/default/production/_ext/404212886/FreeRTOS_tasks.o
                0x00404498                xTaskPriorityInherit

.text.TWIHS0_InitiateTransfer%96
                0x00404540       0xa0
 .text.TWIHS0_InitiateTransfer
                0x00404540       0xa0 build/default/production/_ext/621496242/plib_twihs0_master.o

.text.TWIHS2_InitiateTransfer%97
                0x004045e0       0xa0
 .text.TWIHS2_InitiateTransfer
                0x004045e0       0xa0 build/default/production/_ext/621496242/plib_twihs2_master.o

.text.DRV_USBHSV1_DEVICE_IRPCancelAll%98
                0x00404680       0x9c
 .text.DRV_USBHSV1_DEVICE_IRPCancelAll
                0x00404680       0x9c build/default/production/_ext/9307438/drv_usbhsv1_device.o
                0x00404680                DRV_USBHSV1_DEVICE_IRPCancelAll

.text._USB_DEVICE_CDC_ControlTransferHandler%99
                0x0040471c       0x98
 .text._USB_DEVICE_CDC_ControlTransferHandler
                0x0040471c       0x98 build/default/production/_ext/308758920/usb_device_cdc.o
                0x0040471c                _USB_DEVICE_CDC_ControlTransferHandler

.text.PIO_Initialize%100
                0x004047b4       0x94
 .text.PIO_Initialize
                0x004047b4       0x94 build/default/production/_ext/60177924/plib_pio.o
                0x004047b4                PIO_Initialize

.text.prvAddCurrentTaskToDelayedList%101
                0x00404848       0x94
 .text.prvAddCurrentTaskToDelayedList
                0x00404848       0x94 build/default/production/_ext/404212886/FreeRTOS_tasks.o

.text._USB_DEVICE_AUDIO_V2_IRPCancelAll%102
                0x004048dc       0x8c
 .text._USB_DEVICE_AUDIO_V2_IRPCancelAll
                0x004048dc       0x8c build/default/production/_ext/308758920/usb_device_audio_v2_0.o
                0x004048dc                _USB_DEVICE_AUDIO_V2_IRPCancelAll

.text.__pic32c_data_initialization%103
                0x00404968       0x88
 .text.__pic32c_data_initialization
                0x00404968       0x88 c:/program files/microchip/xc32/v4.10/bin/bin/../../lib/gcc/pic32c/8.3.1/../../../../pic32c/lib/thumb/v7e-m+dp/hard\libpic32c.a(data_init.o)
                0x00404968                __pic32c_data_initialization

.text._USB_DEVICE_CDC_ACMSetUpPacketHandler%104
                0x004049f0       0x80
 .text._USB_DEVICE_CDC_ACMSetUpPacketHandler
                0x004049f0       0x80 build/default/production/_ext/308758920/usb_device_cdc_acm.o
                0x004049f0                _USB_DEVICE_CDC_ACMSetUpPacketHandler

.text.vTaskPriorityDisinheritAfterTimeout%105
                0x00404a70       0x80
 .text.vTaskPriorityDisinheritAfterTimeout
                0x00404a70       0x80 build/default/production/_ext/404212886/FreeRTOS_tasks.o
                0x00404a70                vTaskPriorityDisinheritAfterTimeout

.text.prvUnlockQueue%106
                0x00404af0       0x7e
 .text.prvUnlockQueue
                0x00404af0       0x7e build/default/production/_ext/404212886/queue.o

.text.xTaskPriorityDisinherit%107
                0x00404b70       0x7c
 .text.xTaskPriorityDisinherit
                0x00404b70       0x7c build/default/production/_ext/404212886/FreeRTOS_tasks.o
                0x00404b70                xTaskPriorityDisinherit

.text.XDMAC_InterruptHandler%108
                0x00404bec       0x7c
 .text.XDMAC_InterruptHandler
                0x00404bec       0x7c build/default/production/_ext/2003650513/plib_xdmac.o
                0x00404bec                XDMAC_InterruptHandler

.text._USB_DEVICE_GetStringDescriptorRequestProcess%109
                0x00404c68       0x7a
 .text._USB_DEVICE_GetStringDescriptorRequestProcess
                0x00404c68       0x7a build/default/production/_ext/308758920/usb_device.o
                0x00404c68                _USB_DEVICE_GetStringDescriptorRequestProcess

.text._USB_DEVICE_ProcessStandardEndpointRequest%110
                0x00404ce2       0x78
 .text._USB_DEVICE_ProcessStandardEndpointRequest
                0x00404ce2       0x78 build/default/production/_ext/308758920/usb_device.o
                0x00404ce2                _USB_DEVICE_ProcessStandardEndpointRequest

.text.xTaskRemoveFromEventList%111
                0x00404d5c       0x78
 .text.xTaskRemoveFromEventList
                0x00404d5c       0x78 build/default/production/_ext/404212886/FreeRTOS_tasks.o
                0x00404d5c                xTaskRemoveFromEventList

.text.prvCopyDataToQueue%112
                0x00404dd4       0x72
 .text.prvCopyDataToQueue
                0x00404dd4       0x72 build/default/production/_ext/404212886/queue.o

.text.xQueueGenericReset%113
                0x00404e48       0x70
 .text.xQueueGenericReset
                0x00404e48       0x70 build/default/production/_ext/404212886/queue.o
                0x00404e48                xQueueGenericReset

.text.prvIdleTask%114
                0x00404eb8       0x70
 .text.prvIdleTask
                0x00404eb8       0x70 build/default/production/_ext/404212886/FreeRTOS_tasks.o

.text._USB_DEVICE_ConfigureDevice%115
                0x00404f28       0x6e
 .text._USB_DEVICE_ConfigureDevice
                0x00404f28       0x6e build/default/production/_ext/308758920/usb_device.o
                0x00404f28                _USB_DEVICE_ConfigureDevice

.text.DRV_USBHSV1_Tasks_ISR%116
                0x00404f98       0x6c
 .text.DRV_USBHSV1_Tasks_ISR
                0x00404f98       0x6c build/default/production/_ext/9307438/drv_usbhsv1.o
                0x00404f98                DRV_USBHSV1_Tasks_ISR

.text.pvPortMalloc%117
                0x00405004       0x6c
 .text.pvPortMalloc
                0x00405004       0x6c build/default/production/_ext/1665200909/heap_1.o
                0x00405004                pvPortMalloc

.text.SYS_Initialize%118
                0x00405070       0x68
 .text.SYS_Initialize
                0x00405070       0x68 build/default/production/_ext/1171490990/initialization.o
                0x00405070                SYS_Initialize

.text.vTaskStartScheduler%119
                0x004050d8       0x68
 .text.vTaskStartScheduler
                0x004050d8       0x68 build/default/production/_ext/404212886/FreeRTOS_tasks.o
                0x004050d8                vTaskStartScheduler

.text._USB_DEVICE_Ep0TransmitCompleteCallback%120
                0x00405140       0x66
 .text._USB_DEVICE_Ep0TransmitCompleteCallback
                0x00405140       0x66 build/default/production/_ext/308758920/usb_device.o
                0x00405140                _USB_DEVICE_Ep0TransmitCompleteCallback

.text.xPortPendSVHandler%121
                0x004051b0       0x64
 .text.xPortPendSVHandler
                0x004051b0       0x64 build/default/production/_ext/977623654/port.o
                0x004051b0                xPortPendSVHandler

.text.SYS_Tasks%122
                0x00405214       0x64
 .text.SYS_Tasks
                0x00405214       0x64 build/default/production/_ext/1171490990/tasks.o
                0x00405214                SYS_Tasks

.text._DRV_USBHSV1_DEVICE_Initialize%123
                0x00405278       0x5c
 .text._DRV_USBHSV1_DEVICE_Initialize
                0x00405278       0x5c build/default/production/_ext/9307438/drv_usbhsv1_device.o
                0x00405278                _DRV_USBHSV1_DEVICE_Initialize

.text.xTaskCheckForTimeOut%124
                0x004052d4       0x5c
 .text.xTaskCheckForTimeOut
                0x004052d4       0x5c build/default/production/_ext/404212886/FreeRTOS_tasks.o
                0x004052d4                xTaskCheckForTimeOut

.text.XDMAC_ChannelTransfer%125
                0x00405330       0x5c
 .text.XDMAC_ChannelTransfer
                0x00405330       0x5c build/default/production/_ext/2003650513/plib_xdmac.o
                0x00405330                XDMAC_ChannelTransfer

.text.NVIC_Initialize%126
                0x0040538c       0x54
 .text.NVIC_Initialize
                0x0040538c       0x54 build/default/production/_ext/1865468468/plib_nvic.o
                0x0040538c                NVIC_Initialize

.text._USB_DEVICE_DeInitializeAllFunctionDrivers%127
                0x004053e0       0x50
 .text._USB_DEVICE_DeInitializeAllFunctionDrivers
                0x004053e0       0x50 build/default/production/_ext/308758920/usb_device.o
                0x004053e0                _USB_DEVICE_DeInitializeAllFunctionDrivers

.text._raise_r%128
                0x00405430       0x50
 .text._raise_r
                0x00405430       0x50 c:/program files/microchip/xc32/v4.10/bin/bin/../../lib/gcc/pic32c/8.3.1/../../../../pic32c/lib/thumb/v7e-m+dp/hard\libc_nano.a(lib_a-signal.o)
                0x00405430                _raise_r

.text._USB_DEVICE_ForwardControlXfrToFunction%129
                0x00405480       0x4c
 .text._USB_DEVICE_ForwardControlXfrToFunction
                0x00405480       0x4c build/default/production/_ext/308758920/usb_device.o
                0x00405480                _USB_DEVICE_ForwardControlXfrToFunction

.text._USB_DEVICE_GetFunctionDriverEntryByInterface%130
                0x004054cc       0x4a
 .text._USB_DEVICE_GetFunctionDriverEntryByInterface
                0x004054cc       0x4a build/default/production/_ext/308758920/usb_device.o
                0x004054cc                _USB_DEVICE_GetFunctionDriverEntryByInterface

.text.xPortStartScheduler%131
                0x00405518       0x48
 .text.xPortStartScheduler
                0x00405518       0x48 build/default/production/_ext/977623654/port.o
                0x00405518                xPortStartScheduler

.text.XDMAC_Initialize%132
                0x00405560       0x48
 .text.XDMAC_Initialize
                0x00405560       0x48 build/default/production/_ext/2003650513/plib_xdmac.o
                0x00405560                XDMAC_Initialize

.text.__libc_init_array%133
                0x004055a8       0x48
 .text.__libc_init_array
                0x004055a8       0x48 c:/program files/microchip/xc32/v4.10/bin/bin/../../lib/gcc/pic32c/8.3.1/../../../../pic32c/lib/thumb/v7e-m+dp/hard\libc_nano.a(lib_a-init.o)
                0x004055a8                __libc_init_array

.text.USB_DEVICE_ControlSend%134
                0x004055f0       0x46
 .text.USB_DEVICE_ControlSend
                0x004055f0       0x46 build/default/production/_ext/308758920/usb_device.o
                0x004055f0                USB_DEVICE_ControlSend

.text.USB_DEVICE_ControlStatus%135
                0x00405636       0x44
 .text.USB_DEVICE_ControlStatus
                0x00405636       0x44 build/default/production/_ext/308758920/usb_device.o
                0x00405636                USB_DEVICE_ControlStatus

.text._USB_DEVICE_AUDIO_V2_ControlTransferHandler%136
                0x0040567c       0x44
 .text._USB_DEVICE_AUDIO_V2_ControlTransferHandler
                0x0040567c       0x44 build/default/production/_ext/308758920/usb_device_audio_v2_0.o
                0x0040567c                _USB_DEVICE_AUDIO_V2_ControlTransferHandler

.text.SYS_INT_SourceDisable%137
                0x004056c0       0x44
 .text.SYS_INT_SourceDisable
                0x004056c0       0x44 build/default/production/_ext/1881668453/sys_int.o
                0x004056c0                SYS_INT_SourceDisable

.text%138       0x00405704       0x40
 .text          0x00405704       0x40 c:/program files/microchip/xc32/v4.10/bin/bin/../../lib/gcc/pic32c/8.3.1/thumb/v7e-m+dp/hard/crtbegin.o

.text._USB_DEVICE_FindEndpoint%139
                0x00405744       0x3c
 .text._USB_DEVICE_FindEndpoint
                0x00405744       0x3c build/default/production/_ext/308758920/usb_device.o
                0x00405744                _USB_DEVICE_FindEndpoint

.text.TWIHS0_Initialize%140
                0x00405780       0x3c
 .text.TWIHS0_Initialize
                0x00405780       0x3c build/default/production/_ext/621496242/plib_twihs0_master.o
                0x00405780                TWIHS0_Initialize

.text.TWIHS2_Initialize%141
                0x004057bc       0x3c
 .text.TWIHS2_Initialize
                0x004057bc       0x3c build/default/production/_ext/621496242/plib_twihs2_master.o
                0x004057bc                TWIHS2_Initialize

.text._DRV_I2S_TX_DMA_CallbackHandler%142
                0x004057f8       0x38
 .text._DRV_I2S_TX_DMA_CallbackHandler
                0x004057f8       0x38 build/default/production/_ext/667276850/drv_i2s.o

.text.DRV_USBHSV1_Open%143
                0x00405830       0x38
 .text.DRV_USBHSV1_Open
                0x00405830       0x38 build/default/production/_ext/9307438/drv_usbhsv1.o
                0x00405830                DRV_USBHSV1_Open

.rodata%144     0x00405868       0x38
 .rodata        0x00405868       0x38 build/default/production/_ext/9307438/drv_usbhsv1_device.o

.text._USB_DEVICE_CDC_Deinitialization%145
                0x004058a0       0x38
 .text._USB_DEVICE_CDC_Deinitialization
                0x004058a0       0x38 build/default/production/_ext/308758920/usb_device_cdc.o
                0x004058a0                _USB_DEVICE_CDC_Deinitialization

.rodata.sd001%146
                0x004058d8       0x34
 .rodata.sd001  0x004058d8       0x34 build/default/production/_ext/1171490990/usb_device_init_data.o
                0x004058d8                sd001

.text.TWIHS0_InitiateRead%147
                0x0040590c       0x34
 .text.TWIHS0_InitiateRead
                0x0040590c       0x34 build/default/production/_ext/621496242/plib_twihs0_master.o

.text.TWIHS2_InitiateRead%148
                0x00405940       0x34
 .text.TWIHS2_InitiateRead
                0x00405940       0x34 build/default/production/_ext/621496242/plib_twihs2_master.o

.text.vListInsert%149
                0x00405974       0x34
 .text.vListInsert
                0x00405974       0x34 build/default/production/_ext/404212886/list.o
                0x00405974                vListInsert

.text.vTaskDelay%150
                0x004059a8       0x34
 .text.vTaskDelay
                0x004059a8       0x34 build/default/production/_ext/404212886/FreeRTOS_tasks.o
                0x004059a8                vTaskDelay

.rodata%151     0x004059dc       0x34
 .rodata        0x004059dc       0x34 build/default/production/_ext/1171490990/tasks.o

.text._DRV_I2S_RX_DMA_CallbackHandler%152
                0x00405a10       0x30
 .text._DRV_I2S_RX_DMA_CallbackHandler
                0x00405a10       0x30 build/default/production/_ext/667276850/drv_i2s.o

.text.xQueueGenericCreate%153
                0x00405a40       0x30
 .text.xQueueGenericCreate
                0x00405a40       0x30 build/default/production/_ext/404212886/queue.o
                0x00405a40                xQueueGenericCreate

.text.xPortSysTickHandler%154
                0x00405a70       0x30
 .text.xPortSysTickHandler
                0x00405a70       0x30 build/default/production/_ext/977623654/port.o
                0x00405a70                xPortSysTickHandler

.rodata.usbMasterDescriptor%155
                0x00405aa0       0x2c
 .rodata.usbMasterDescriptor
                0x00405aa0       0x2c build/default/production/_ext/1171490990/usb_device_init_data.o
                0x00405aa0                usbMasterDescriptor

.text._USB_DEVICE_RedirectControlXfrToClient%156
                0x00405acc       0x2c
 .text._USB_DEVICE_RedirectControlXfrToClient
                0x00405acc       0x2c build/default/production/_ext/308758920/usb_device.o
                0x00405acc                _USB_DEVICE_RedirectControlXfrToClient

.text.prvResetNextTaskUnblockTime%157
                0x00405af8       0x2c
 .text.prvResetNextTaskUnblockTime
                0x00405af8       0x2c build/default/production/_ext/404212886/FreeRTOS_tasks.o

.text.pxPortInitialiseStack%158
                0x00405b24       0x2c
 .text.pxPortInitialiseStack
                0x00405b24       0x2c build/default/production/_ext/977623654/port.o
                0x00405b24                pxPortInitialiseStack

.rodata.usbDevInitData%159
                0x00405b50       0x28
 .rodata.usbDevInitData
                0x00405b50       0x28 build/default/production/_ext/1171490990/usb_device_init_data.o
                0x00405b50                usbDevInitData

.text.I2SC0_Initialize%160
                0x00405b78       0x28
 .text.I2SC0_Initialize
                0x00405b78       0x28 build/default/production/_ext/2965202/plib_i2sc0.o
                0x00405b78                I2SC0_Initialize

.text.prvPortStartFirstTask%161
                0x00405ba0       0x28
 .text.prvPortStartFirstTask
                0x00405ba0       0x28 build/default/production/_ext/977623654/port.o

.text.vPortSetupTimerInterrupt%162
                0x00405bc8       0x28
 .text.vPortSetupTimerInterrupt
                0x00405bc8       0x28 build/default/production/_ext/977623654/port.o
                0x00405bc8                vPortSetupTimerInterrupt

.text.USB_DEVICE_EndpointEnable%163
                0x00405bf0       0x26
 .text.USB_DEVICE_EndpointEnable
                0x00405bf0       0x26 build/default/production/_ext/308758920/usb_device.o
                0x00405bf0                USB_DEVICE_EndpointEnable

.text.uxListRemove%164
                0x00405c16       0x26
 .text.uxListRemove
                0x00405c16       0x26 build/default/production/_ext/404212886/list.o
                0x00405c16                uxListRemove

.text._USB_DEVICE_AUDIO_V2_GlobalInitialize%165
                0x00405c3c       0x24
 .text._USB_DEVICE_AUDIO_V2_GlobalInitialize
                0x00405c3c       0x24 build/default/production/_ext/308758920/usb_device_audio_v2_0.o
                0x00405c3c                _USB_DEVICE_AUDIO_V2_GlobalInitialize

.text.DRV_USBHSV1_DEVICE_EndpointIsEnabled%166
                0x00405c60       0x24
 .text.DRV_USBHSV1_DEVICE_EndpointIsEnabled
                0x00405c60       0x24 build/default/production/_ext/9307438/drv_usbhsv1_device.o
                0x00405c60                DRV_USBHSV1_DEVICE_EndpointIsEnabled

.text._DRV_USBHSV1_DEVICE_IRPQueueFlush%167
                0x00405c84       0x24
 .text._DRV_USBHSV1_DEVICE_IRPQueueFlush
                0x00405c84       0x24 build/default/production/_ext/9307438/drv_usbhsv1_device.o
                0x00405c84                _DRV_USBHSV1_DEVICE_IRPQueueFlush

.text._USB_DEVICE_CDC_GlobalInitialize%168
                0x00405ca8       0x24
 .text._USB_DEVICE_CDC_GlobalInitialize
                0x00405ca8       0x24 build/default/production/_ext/308758920/usb_device_cdc.o
                0x00405ca8                _USB_DEVICE_CDC_GlobalInitialize

.text.xQueueCreateMutex%169
                0x00405ccc       0x24
 .text.xQueueCreateMutex
                0x00405ccc       0x24 build/default/production/_ext/404212886/queue.o
                0x00405ccc                xQueueCreateMutex

.text.prvTaskExitError%170
                0x00405cf0       0x24
 .text.prvTaskExitError
                0x00405cf0       0x24 build/default/production/_ext/977623654/port.o

.text.vPortSVCHandler%171
                0x00405d20       0x24
 .text.vPortSVCHandler
                0x00405d20       0x24 build/default/production/_ext/977623654/port.o
                0x00405d20                vPortSVCHandler

.text.vPortEnterCritical%172
                0x00405d44       0x24
 .text.vPortEnterCritical
                0x00405d44       0x24 build/default/production/_ext/977623654/port.o
                0x00405d44                vPortEnterCritical

.text._kill_r%173
                0x00405d68       0x24
 .text._kill_r  0x00405d68       0x24 c:/program files/microchip/xc32/v4.10/bin/bin/../../lib/gcc/pic32c/8.3.1/../../../../pic32c/lib/thumb/v7e-m+dp/hard\libc_nano.a(lib_a-signalr.o)
                0x00405d68                _kill_r

.text.DRV_USBHSV1_DEVICE_AddressSet%174
                0x00405d8c       0x22
 .text.DRV_USBHSV1_DEVICE_AddressSet
                0x00405d8c       0x22 build/default/production/_ext/9307438/drv_usbhsv1_device.o
                0x00405d8c                DRV_USBHSV1_DEVICE_AddressSet

.rodata.drvUSBInit%175
                0x00405db0       0x20
 .rodata.drvUSBInit
                0x00405db0       0x20 build/default/production/_ext/1171490990/initialization.o
                0x00405db0                drvUSBInit

.rodata.funcRegistrationTable%176
                0x00405dd0       0x20
 .rodata.funcRegistrationTable
                0x00405dd0       0x20 build/default/production/_ext/1171490990/usb_device_init_data.o
                0x00405dd0                funcRegistrationTable

.text._USB_DEVICE_CDC_EndpointDisable%177
                0x00405df0       0x20
 .text._USB_DEVICE_CDC_EndpointDisable
                0x00405df0       0x20 build/default/production/_ext/308758920/usb_device_cdc.o
                0x00405df0                _USB_DEVICE_CDC_EndpointDisable

.text.USB_DEVICE_EndpointDisable%178
                0x00405e10       0x1e
 .text.USB_DEVICE_EndpointDisable
                0x00405e10       0x1e build/default/production/_ext/308758920/usb_device.o
                0x00405e10                USB_DEVICE_EndpointDisable

.text.USB_DEVICE_IRPCancelAll%179
                0x00405e2e       0x1e
 .text.USB_DEVICE_IRPCancelAll
                0x00405e2e       0x1e build/default/production/_ext/308758920/usb_device.o
                0x00405e2e                USB_DEVICE_IRPCancelAll

.text.OSAL_MUTEX_Lock%180
                0x00405e4c       0x1e
 .text.OSAL_MUTEX_Lock
                0x00405e4c       0x1e build/default/production/_ext/1529399856/osal_freertos.o
                0x00405e4c                OSAL_MUTEX_Lock

.text.DRV_USBHSV1_DEVICE_EndpointIsStalled%181
                0x00405e6a       0x1c
 .text.DRV_USBHSV1_DEVICE_EndpointIsStalled
                0x00405e6a       0x1c build/default/production/_ext/9307438/drv_usbhsv1_device.o
                0x00405e6a                DRV_USBHSV1_DEVICE_EndpointIsStalled

.text.vTaskPlaceOnEventList%182
                0x00405e88       0x1c
 .text.vTaskPlaceOnEventList
                0x00405e88       0x1c build/default/production/_ext/404212886/FreeRTOS_tasks.o
                0x00405e88                vTaskPlaceOnEventList

.text.pvTaskIncrementMutexHeldCount%183
                0x00405ea4       0x1c
 .text.pvTaskIncrementMutexHeldCount
                0x00405ea4       0x1c build/default/production/_ext/404212886/FreeRTOS_tasks.o
                0x00405ea4                pvTaskIncrementMutexHeldCount

.text.memcpy%184
                0x00405ec0       0x1c
 .text.memcpy   0x00405ec0       0x1c c:/program files/microchip/xc32/v4.10/bin/bin/../../lib/gcc/pic32c/8.3.1/../../../../pic32c/lib/thumb/v7e-m+dp/hard\libc_nano.a(lib_a-memcpy-stub.o)
                0x00405ec0                memcpy

.text._USB_DEVICE_ClientHandleValidate%185
                0x00405edc       0x18
 .text._USB_DEVICE_ClientHandleValidate
                0x00405edc       0x18 build/default/production/_ext/308758920/usb_device.o
                0x00405edc                _USB_DEVICE_ClientHandleValidate

.text.I2SC0_LRCLK_Get%186
                0x00405ef4       0x18
 .text.I2SC0_LRCLK_Get
                0x00405ef4       0x18 build/default/production/_ext/2965202/plib_i2sc0.o
                0x00405ef4                I2SC0_LRCLK_Get

.text.vTaskInternalSetTimeOutState%187
                0x00405f0c       0x18
 .text.vTaskInternalSetTimeOutState
                0x00405f0c       0x18 build/default/production/_ext/404212886/FreeRTOS_tasks.o
                0x00405f0c                vTaskInternalSetTimeOutState

.text.OSAL_MUTEX_Create%188
                0x00405f24       0x18
 .text.OSAL_MUTEX_Create
                0x00405f24       0x18 build/default/production/_ext/1529399856/osal_freertos.o
                0x00405f24                OSAL_MUTEX_Create

.text.OSAL_MUTEX_Unlock%189
                0x00405f3c       0x18
 .text.OSAL_MUTEX_Unlock
                0x00405f3c       0x18 build/default/production/_ext/1529399856/osal_freertos.o
                0x00405f3c                OSAL_MUTEX_Unlock

.text._USB_DEVICE_Tasks%190
                0x00405f54       0x18
 .text._USB_DEVICE_Tasks
                0x00405f54       0x18 build/default/production/_ext/1171490990/tasks.o
                0x00405f54                _USB_DEVICE_Tasks

.text._DRV_USBHSV1_Tasks%191
                0x00405f6c       0x18
 .text._DRV_USBHSV1_Tasks
                0x00405f6c       0x18 build/default/production/_ext/1171490990/tasks.o
                0x00405f6c                _DRV_USBHSV1_Tasks

.text.vApplicationStackOverflowHook%192
                0x00405f84       0x16
 .text.vApplicationStackOverflowHook
                0x00405f84       0x16 build/default/production/_ext/1171490990/freertos_hooks.o
                0x00405f84                vApplicationStackOverflowHook

.text.vApplicationMallocFailedHook%193
                0x00405f9a       0x16
 .text.vApplicationMallocFailedHook
                0x00405f9a       0x16 build/default/production/_ext/1171490990/freertos_hooks.o
                0x00405f9a                vApplicationMallocFailedHook

.text.vListInitialise%194
                0x00405fb0       0x16
 .text.vListInitialise
                0x00405fb0       0x16 build/default/production/_ext/404212886/list.o
                0x00405fb0                vListInitialise

.text.vListInsertEnd%195
                0x00405fc6       0x16
 .text.vListInsertEnd
                0x00405fc6       0x16 build/default/production/_ext/404212886/list.o
                0x00405fc6                vListInsertEnd

.text.prvIsQueueEmpty%196
                0x00405fdc       0x16
 .text.prvIsQueueEmpty
                0x00405fdc       0x16 build/default/production/_ext/404212886/queue.o

.rodata.deviceDescriptor%197
                0x00405ff4       0x14
 .rodata.deviceDescriptor
                0x00405ff4       0x14 build/default/production/_ext/1171490990/usb_device_init_data.o
                0x00405ff4                deviceDescriptor

.rodata.audioV2FunctionDriver%198
                0x00406008       0x14
 .rodata.audioV2FunctionDriver
                0x00406008       0x14 build/default/production/_ext/308758920/usb_device_audio_v2_0.o
                0x00406008                audioV2FunctionDriver

.text.DRV_USBHSV1_Close%199
                0x0040601c       0x14
 .text.DRV_USBHSV1_Close
                0x0040601c       0x14 build/default/production/_ext/9307438/drv_usbhsv1.o
                0x0040601c                DRV_USBHSV1_Close

.text.DRV_USBHSV1_ClientEventCallBackSet%200
                0x00406030       0x14
 .text.DRV_USBHSV1_ClientEventCallBackSet